Archive member included to satisfy reference by file (symbol)

C:/ST/STM32CubeIDE_1.14.1/STM32CubeIDE/plugins/com.st.stm32cube.ide.mcu.externaltools.gnu-tools-for-stm32.11.3.rel1.win32_1.1.100.202309141235/tools/bin/../lib/gcc/arm-none-eabi/11.3.1/../../../../arm-none-eabi/lib/thumb/v7e-m+fp/hard\libc_nano.a(libc_a-exit.o)
                              C:/ST/STM32CubeIDE_1.14.1/STM32CubeIDE/plugins/com.st.stm32cube.ide.mcu.externaltools.gnu-tools-for-stm32.11.3.rel1.win32_1.1.100.202309141235/tools/bin/../lib/gcc/arm-none-eabi/11.3.1/../../../../arm-none-eabi/lib/thumb/v7e-m+fp/hard/crt0.o (exit)
C:/ST/STM32CubeIDE_1.14.1/STM32CubeIDE/plugins/com.st.stm32cube.ide.mcu.externaltools.gnu-tools-for-stm32.11.3.rel1.win32_1.1.100.202309141235/tools/bin/../lib/gcc/arm-none-eabi/11.3.1/../../../../arm-none-eabi/lib/thumb/v7e-m+fp/hard\libc_nano.a(libc_a-findfp.o)
                              C:/ST/STM32CubeIDE_1.14.1/STM32CubeIDE/plugins/com.st.stm32cube.ide.mcu.externaltools.gnu-tools-for-stm32.11.3.rel1.win32_1.1.100.202309141235/tools/bin/../lib/gcc/arm-none-eabi/11.3.1/../../../../arm-none-eabi/lib/thumb/v7e-m+fp/hard\libc_nano.a(libc_a-exit.o) (__stdio_exit_handler)
C:/ST/STM32CubeIDE_1.14.1/STM32CubeIDE/plugins/com.st.stm32cube.ide.mcu.externaltools.gnu-tools-for-stm32.11.3.rel1.win32_1.1.100.202309141235/tools/bin/../lib/gcc/arm-none-eabi/11.3.1/../../../../arm-none-eabi/lib/thumb/v7e-m+fp/hard\libc_nano.a(libc_a-fwalk.o)
                              C:/ST/STM32CubeIDE_1.14.1/STM32CubeIDE/plugins/com.st.stm32cube.ide.mcu.externaltools.gnu-tools-for-stm32.11.3.rel1.win32_1.1.100.202309141235/tools/bin/../lib/gcc/arm-none-eabi/11.3.1/../../../../arm-none-eabi/lib/thumb/v7e-m+fp/hard\libc_nano.a(libc_a-findfp.o) (_fwalk_sglue)
C:/ST/STM32CubeIDE_1.14.1/STM32CubeIDE/plugins/com.st.stm32cube.ide.mcu.externaltools.gnu-tools-for-stm32.11.3.rel1.win32_1.1.100.202309141235/tools/bin/../lib/gcc/arm-none-eabi/11.3.1/../../../../arm-none-eabi/lib/thumb/v7e-m+fp/hard\libc_nano.a(libc_a-stdio.o)
                              C:/ST/STM32CubeIDE_1.14.1/STM32CubeIDE/plugins/com.st.stm32cube.ide.mcu.externaltools.gnu-tools-for-stm32.11.3.rel1.win32_1.1.100.202309141235/tools/bin/../lib/gcc/arm-none-eabi/11.3.1/../../../../arm-none-eabi/lib/thumb/v7e-m+fp/hard\libc_nano.a(libc_a-findfp.o) (__sread)
C:/ST/STM32CubeIDE_1.14.1/STM32CubeIDE/plugins/com.st.stm32cube.ide.mcu.externaltools.gnu-tools-for-stm32.11.3.rel1.win32_1.1.100.202309141235/tools/bin/../lib/gcc/arm-none-eabi/11.3.1/../../../../arm-none-eabi/lib/thumb/v7e-m+fp/hard\libc_nano.a(libc_a-memset.o)
                              C:/ST/STM32CubeIDE_1.14.1/STM32CubeIDE/plugins/com.st.stm32cube.ide.mcu.externaltools.gnu-tools-for-stm32.11.3.rel1.win32_1.1.100.202309141235/tools/bin/../lib/gcc/arm-none-eabi/11.3.1/../../../../arm-none-eabi/lib/thumb/v7e-m+fp/hard/crt0.o (memset)
C:/ST/STM32CubeIDE_1.14.1/STM32CubeIDE/plugins/com.st.stm32cube.ide.mcu.externaltools.gnu-tools-for-stm32.11.3.rel1.win32_1.1.100.202309141235/tools/bin/../lib/gcc/arm-none-eabi/11.3.1/../../../../arm-none-eabi/lib/thumb/v7e-m+fp/hard\libc_nano.a(libc_a-closer.o)
                              C:/ST/STM32CubeIDE_1.14.1/STM32CubeIDE/plugins/com.st.stm32cube.ide.mcu.externaltools.gnu-tools-for-stm32.11.3.rel1.win32_1.1.100.202309141235/tools/bin/../lib/gcc/arm-none-eabi/11.3.1/../../../../arm-none-eabi/lib/thumb/v7e-m+fp/hard\libc_nano.a(libc_a-stdio.o) (_close_r)
C:/ST/STM32CubeIDE_1.14.1/STM32CubeIDE/plugins/com.st.stm32cube.ide.mcu.externaltools.gnu-tools-for-stm32.11.3.rel1.win32_1.1.100.202309141235/tools/bin/../lib/gcc/arm-none-eabi/11.3.1/../../../../arm-none-eabi/lib/thumb/v7e-m+fp/hard\libc_nano.a(libc_a-reent.o)
                              C:/ST/STM32CubeIDE_1.14.1/STM32CubeIDE/plugins/com.st.stm32cube.ide.mcu.externaltools.gnu-tools-for-stm32.11.3.rel1.win32_1.1.100.202309141235/tools/bin/../lib/gcc/arm-none-eabi/11.3.1/../../../../arm-none-eabi/lib/thumb/v7e-m+fp/hard\libc_nano.a(libc_a-closer.o) (errno)
C:/ST/STM32CubeIDE_1.14.1/STM32CubeIDE/plugins/com.st.stm32cube.ide.mcu.externaltools.gnu-tools-for-stm32.11.3.rel1.win32_1.1.100.202309141235/tools/bin/../lib/gcc/arm-none-eabi/11.3.1/../../../../arm-none-eabi/lib/thumb/v7e-m+fp/hard\libc_nano.a(libc_a-impure.o)
                              C:/ST/STM32CubeIDE_1.14.1/STM32CubeIDE/plugins/com.st.stm32cube.ide.mcu.externaltools.gnu-tools-for-stm32.11.3.rel1.win32_1.1.100.202309141235/tools/bin/../lib/gcc/arm-none-eabi/11.3.1/../../../../arm-none-eabi/lib/thumb/v7e-m+fp/hard\libc_nano.a(libc_a-reent.o) (_impure_ptr)
C:/ST/STM32CubeIDE_1.14.1/STM32CubeIDE/plugins/com.st.stm32cube.ide.mcu.externaltools.gnu-tools-for-stm32.11.3.rel1.win32_1.1.100.202309141235/tools/bin/../lib/gcc/arm-none-eabi/11.3.1/../../../../arm-none-eabi/lib/thumb/v7e-m+fp/hard\libc_nano.a(libc_a-lseekr.o)
[...]
Memory Configuration

Name             Origin             Length             Attributes
RAM              0x0000000020000000 0x0000000000018000 xrw
FLASH            0x0000000008000000 0x0000000000080000 xr
*default*        0x0000000000000000 0xffffffffffffffff

Linker script and memory map

LOAD C:/ST/STM32CubeIDE_1.14.1/STM32CubeIDE/plugins/com.st.stm32cube.ide.mcu.externaltools.gnu-tools-for-stm32.11.3.rel1.win32_1.1.100.202309141235/tools/bin/../lib/gcc/arm-none-eabi/11.3.1/thumb/v7e-m+fp/hard/crti.o
LOAD C:/ST/STM32CubeIDE_1.14.1/STM32CubeIDE/plugins/com.st.stm32cube.ide.mcu.externaltools.gnu-tools-for-stm32.11.3.rel1.win32_1.1.100.202309141235/tools/bin/../lib/gcc/arm-none-eabi/11.3.1/thumb/v7e-m+fp/hard/crtbegin.o
LOAD C:/ST/STM32CubeIDE_1.14.1/STM32CubeIDE/plugins/com.st.stm32cube.ide.mcu.externaltools.gnu-tools-for-stm32.11.3.rel1.win32_1.1.100.202309141235/tools/bin/../lib/gcc/arm-none-eabi/11.3.1/../../../../arm-none-eabi/lib/thumb/v7e-m+fp/hard/crt0.o
LOAD ./Core/Src/adcread.o
LOAD ./Core/Src/main.o
LOAD ./Core/Src/midi.o
LOAD ./Core/Src/midi_drum.o
LOAD ./Core/Src/songs.o
LOAD ./Core/Src/stm32f4xx_hal_msp.o
LOAD ./Core/Src/stm32f4xx_it.o
LOAD ./Core/Src/syscalls.o
LOAD ./Core/Src/sysmem.o
LOAD ./Core/Src/system_stm32f4xx.o
LOAD ./Core/Startup/startup_stm32f401retx.o
LOAD ./Drivers/STM32F4xx_HAL_Driver/Src/stm32f4xx_hal.o
LOAD ./Drivers/STM32F4xx_HAL_Driver/Src/stm32f4xx_hal_adc.o
LOAD ./Drivers/STM32F4xx_HAL_Driver/Src/stm32f4xx_hal_adc_ex.o
LOAD ./Drivers/STM32F4xx_HAL_Driver/Src/stm32f4xx_hal_cortex.o
LOAD ./Drivers/STM32F4xx_HAL_Driver/Src/stm32f4xx_hal_dma.o
LOAD ./Drivers/STM32F4xx_HAL_Driver/Src/stm32f4xx_hal_dma_ex.o
LOAD ./Drivers/STM32F4xx_HAL_Driver/Src/stm32f4xx_hal_exti.o
LOAD ./Drivers/STM32F4xx_HAL_Driver/Src/stm32f4xx_hal_flash.o
LOAD ./Drivers/STM32F4xx_HAL_Driver/Src/stm32f4xx_hal_flash_ex.o
LOAD ./Drivers/STM32F4xx_HAL_Driver/Src/stm32f4xx_hal_flash_ramfunc.o
LOAD ./Drivers/STM32F4xx_HAL_Driver/Src/stm32f4xx_hal_gpio.o
LOAD ./Drivers/STM32F4xx_HAL_Driver/Src/stm32f4xx_hal_pcd.o
LOAD ./Drivers/STM32F4xx_HAL_Driver/Src/stm32f4xx_hal_pcd_ex.o
LOAD ./Drivers/STM32F4xx_HAL_Driver/Src/stm32f4xx_hal_pwr.o
LOAD ./Drivers/STM32F4xx_HAL_Driver/Src/stm32f4xx_hal_pwr_ex.o
LOAD ./Drivers/STM32F4xx_HAL_Driver/Src/stm32f4xx_hal_rcc.o
LOAD ./Drivers/STM32F4xx_HAL_Driver/Src/stm32f4xx_hal_rcc_ex.o
LOAD ./Drivers/STM32F4xx_HAL_Driver/Src/stm32f4xx_hal_tim.o
LOAD ./Drivers/STM32F4xx_HAL_Driver/Src/stm32f4xx_hal_tim_ex.o
LOAD ./Drivers/STM32F4xx_HAL_Driver/Src/stm32f4xx_hal_uart.o
LOAD ./Drivers/STM32F4xx_HAL_Driver/Src/stm32f4xx_ll_adc.o
LOAD ./Drivers/STM32F4xx_HAL_Driver/Src/stm32f4xx_ll_usb.o
LOAD ./Middlewares/ST/STM32_USB_Device_Library/Class/HID/Src/usbd_hid.o
LOAD ./Middlewares/ST/STM32_USB_Device_Library/Core/Src/usbd_core.o
LOAD ./Middlewares/ST/STM32_USB_Device_Library/Core/Src/usbd_ctlreq.o
LOAD ./Middlewares/ST/STM32_USB_Device_Library/Core/Src/usbd_ioreq.o
LOAD ./Transmit_ABS/transmit_abs.o
LOAD ./USB_DEVICE/App/usb_device.o
LOAD ./USB_DEVICE/App/usbd_desc.o
LOAD ./USB_DEVICE/Target/usbd_conf.o
START GROUP
LOAD C:/ST/STM32CubeIDE_1.14.1/STM32CubeIDE/plugins/com.st.stm32cube.ide.mcu.externaltools.gnu-tools-for-stm32.11.3.rel1.win32_1.1.100.202309141235/tools/bin/../lib/gcc/arm-none-eabi/11.3.1/../../../../arm-none-eabi/lib/thumb/v7e-m+fp/hard\libc_nano.a
LOAD C:/ST/STM32CubeIDE_1.14.1/STM32CubeIDE/plugins/com.st.stm32cube.ide.mcu.externaltools.gnu-tools-for-stm32.11.3.rel1.win32_1.1.100.202309141235/tools/bin/../lib/gcc/arm-none-eabi/11.3.1/../../../../arm-none-eabi/lib/thumb/v7e-m+fp/hard\libm.a
END GROUP
START GROUP
LOAD C:/ST/STM32CubeIDE_1.14.1/STM32CubeIDE/plugins/com.st.stm32cube.ide.mcu.externaltools.gnu-tools-for-stm32.11.3.rel1.win32_1.1.100.202309141235/tools/bin/../lib/gcc/arm-none-eabi/11.3.1/thumb/v7e-m+fp/hard\libgcc.a
LOAD C:/ST/STM32CubeIDE_1.14.1/STM32CubeIDE/plugins/com.st.stm32cube.ide.mcu.externaltools.gnu-tools-for-stm32.11.3.rel1.win32_1.1.100.202309141235/tools/bin/../lib/gcc/arm-none-eabi/11.3.1/../../../../arm-none-eabi/lib/thumb/v7e-m+fp/hard\libc_nano.a
END GROUP
START GROUP
LOAD C:/ST/STM32CubeIDE_1.14.1/STM32CubeIDE/plugins/com.st.stm32cube.ide.mcu.externaltools.gnu-tools-for-stm32.11.3.rel1.win32_1.1.100.202309141235/tools/bin/../lib/gcc/arm-none-eabi/11.3.1/thumb/v7e-m+fp/hard\libgcc.a
LOAD C:/ST/STM32CubeIDE_1.14.1/STM32CubeIDE/plugins/com.st.stm32cube.ide.mcu.externaltools.gnu-tools-for-stm32.11.3.rel1.win32_1.1.100.202309141235/tools/bin/../lib/gcc/arm-none-eabi/11.3.1/../../../../arm-none-eabi/lib/thumb/v7e-m+fp/hard\libc_nano.a
LOAD C:/ST/STM32CubeIDE_1.14.1/STM32CubeIDE/plugins/com.st.stm32cube.ide.mcu.externaltools.gnu-tools-for-stm32.11.3.rel1.win32_1.1.100.202309141235/tools/bin/../lib/gcc/arm-none-eabi/11.3.1/../../../../arm-none-eabi/lib/thumb/v7e-m+fp/hard\libnosys.a
END GROUP
START GROUP
LOAD C:/ST/STM32CubeIDE_1.14.1/STM32CubeIDE/plugins/com.st.stm32cube.ide.mcu.externaltools.gnu-tools-for-stm32.11.3.rel1.win32_1.1.100.202309141235/tools/bin/../lib/gcc/arm-none-eabi/11.3.1/thumb/v7e-m+fp/hard\libgcc.a
LOAD C:/ST/STM32CubeIDE_1.14.1/STM32CubeIDE/plugins/com.st.stm32cube.ide.mcu.externaltools.gnu-tools-for-stm32.11.3.rel1.win32_1.1.100.202309141235/tools/bin/../lib/gcc/arm-none-eabi/11.3.1/../../../../arm-none-eabi/lib/thumb/v7e-m+fp/hard\libc_nano.a
LOAD C:/ST/STM32CubeIDE_1.14.1/STM32CubeIDE/plugins/com.st.stm32cube.ide.mcu.externaltools.gnu-tools-for-stm32.11.3.rel1.win32_1.1.100.202309141235/tools/bin/../lib/gcc/arm-none-eabi/11.3.1/../../../../arm-none-eabi/lib/thumb/v7e-m+fp/hard\libnosys.a
END GROUP
LOAD C:/ST/STM32CubeIDE_1.14.1/STM32CubeIDE/plugins/com.st.stm32cube.ide.mcu.externaltools.gnu-tools-for-stm32.11.3.rel1.win32_1.1.100.202309141235/tools/bin/../lib/gcc/arm-none-eabi/11.3.1/thumb/v7e-m+fp/hard/crtend.o
LOAD C:/ST/STM32CubeIDE_1.14.1/STM32CubeIDE/plugins/com.st.stm32cube.ide.mcu.externaltools.gnu-tools-for-stm32.11.3.rel1.win32_1.1.100.202309141235/tools/bin/../lib/gcc/arm-none-eabi/11.3.1/thumb/v7e-m+fp/hard/crtn.o
                0x0000000020018000                _estack = (ORIGIN (RAM) + LENGTH (RAM))
                0x0000000000000200                _Min_Heap_Size = 0x200
                0x0000000000000400                _Min_Stack_Size = 0x400

.isr_vector     0x0000000008000000      0x194
                0x0000000008000000                . = ALIGN (0x4)
 *(.isr_vector)
 .isr_vector    0x0000000008000000      0x194 ./Core/Startup/startup_stm32f401retx.o
                0x0000000008000000                g_pfnVectors
                0x0000000008000194                . = ALIGN (0x4)

.text           0x0000000008000194     0x82d8
                0x0000000008000194                . = ALIGN (0x4)
 *(.text)
 .text          0x0000000008000194       0x40 C:/ST/STM32CubeIDE_1.14.1/STM32CubeIDE/plugins/com.st.stm32cube.ide.mcu.externaltools.gnu-tools-for-stm32.11.3.rel1.win32_1.1.100.202309141235/tools/bin/../lib/gcc/arm-none-eabi/11.3.1/thumb/v7e-m+fp/hard/crtbegin.o
 .text          0x00000000080001d4       0x30 C:/ST/STM32CubeIDE_1.14.1/STM32CubeIDE/plugins/com.st.stm32cube.ide.mcu.externaltools.gnu-tools-for-stm32.11.3.rel1.win32_1.1.100.202309141235/tools/bin/../lib/gcc/arm-none-eabi/11.3.1/thumb/v7e-m+fp/hard\libgcc.a(_aeabi_uldivmod.o)
                0x00000000080001d4                __aeabi_uldivmod
 .text          0x0000000008000204      0x2c8 C:/ST/STM32CubeIDE_1.14.1/STM32CubeIDE/plugins/com.st.stm32cube.ide.mcu.externaltools.gnu-tools-for-stm32.11.3.rel1.win32_1.1.100.202309141235/tools/bin/../lib/gcc/arm-none-eabi/11.3.1/thumb/v7e-m+fp/hard\libgcc.a(_udivmoddi4.o)
                0x0000000008000204                __udivmoddi4
 .text          0x00000000080004cc        0x4 C:/ST/STM32CubeIDE_1.14.1/STM32CubeIDE/plugins/com.st.stm32cube.ide.mcu.externaltools.gnu-tools-for-stm32.11.3.rel1.win32_1.1.100.202309141235/tools/bin/../lib/gcc/arm-none-eabi/11.3.1/thumb/v7e-m+fp/hard\libgcc.a(_dvmd_tls.o)
                0x00000000080004cc                __aeabi_idiv0
                0x00000000080004cc                __aeabi_ldiv0
 *(.text*)
 .text.ADC_Update
                0x00000000080004d0       0x28 ./Core/Src/adcread.o
                0x00000000080004d0                ADC_Update
 .text.getConvStatus
                0x00000000080004f8       0x18 ./Core/Src/adcread.o
                0x00000000080004f8                getConvStatus
 .text.HAL_ADC_ConvCpltCallback
                0x0000000008000510       0x24 ./Core/Src/adcread.o
                0x0000000008000510                HAL_ADC_ConvCpltCallback
 .text.main     0x0000000008000534      0x2d0 ./Core/Src/main.o
                0x0000000008000534                main
 .text.SystemClock_Config
                0x0000000008000804       0xd4 ./Core/Src/main.o
                0x0000000008000804                SystemClock_Config
 .text.MX_ADC1_Init
                0x00000000080008d8      0x130 ./Core/Src/main.o
 .text.MX_USART2_UART_Init
                0x0000000008000a08       0x54 ./Core/Src/main.o
 .text.MX_DMA_Init
                0x0000000008000a5c       0x40 ./Core/Src/main.o
 .text.MX_GPIO_Init
                0x0000000008000a9c       0x6c ./Core/Src/main.o
 .text.Error_Handler
                0x0000000008000b08        0xa ./Core/Src/main.o
                0x0000000008000b08                Error_Handler
 .text.NoteON   0x0000000008000b12       0x56 ./Core/Src/midi.o
                0x0000000008000b12                NoteON
 .text.HAL_MspInit
                0x0000000008000b68       0x50 ./Core/Src/stm32f4xx_hal_msp.o
                0x0000000008000b68                HAL_MspInit
 .text.HAL_ADC_MspInit
                0x0000000008000bb8      0x170 ./Core/Src/stm32f4xx_hal_msp.o
                0x0000000008000bb8                HAL_ADC_MspInit
 .text.HAL_UART_MspInit
                0x0000000008000d28       0x90 ./Core/Src/stm32f4xx_hal_msp.o
                0x0000000008000d28                HAL_UART_MspInit
 .text.NMI_Handler
                0x0000000008000db8        0x6 ./Core/Src/stm32f4xx_it.o
                0x0000000008000db8                NMI_Handler
 .text.HardFault_Handler
                0x0000000008000dbe        0x6 ./Core/Src/stm32f4xx_it.o
                0x0000000008000dbe                HardFault_Handler
 .text.MemManage_Handler
                0x0000000008000dc4        0x6 ./Core/Src/stm32f4xx_it.o
                0x0000000008000dc4                MemManage_Handler
 .text.BusFault_Handler
                0x0000000008000dca        0x6 ./Core/Src/stm32f4xx_it.o
                0x0000000008000dca                BusFault_Handler
 .text.UsageFault_Handler
                0x0000000008000dd0        0x6 ./Core/Src/stm32f4xx_it.o
                0x0000000008000dd0                UsageFault_Handler
 .text.SVC_Handler
                0x0000000008000dd6        0xe ./Core/Src/stm32f4xx_it.o
                0x0000000008000dd6                SVC_Handler
 .text.DebugMon_Handler
                0x0000000008000de4        0xe ./Core/Src/stm32f4xx_it.o
                0x0000000008000de4                DebugMon_Handler
 .text.PendSV_Handler
                0x0000000008000df2        0xe ./Core/Src/stm32f4xx_it.o
                0x0000000008000df2                PendSV_Handler
 .text.SysTick_Handler
                0x0000000008000e00        0xc ./Core/Src/stm32f4xx_it.o
                0x0000000008000e00                SysTick_Handler
 .text.ADC_IRQHandler
                0x0000000008000e0c       0x14 ./Core/Src/stm32f4xx_it.o
                0x0000000008000e0c                ADC_IRQHandler
 .text.DMA2_Stream0_IRQHandler
                0x0000000008000e20       0x14 ./Core/Src/stm32f4xx_it.o
                0x0000000008000e20                DMA2_Stream0_IRQHandler
 .text.OTG_FS_IRQHandler
                0x0000000008000e34       0x14 ./Core/Src/stm32f4xx_it.o
                0x0000000008000e34                OTG_FS_IRQHandler
 .text.SystemInit
                0x0000000008000e48       0x24 ./Core/Src/system_stm32f4xx.o
                0x0000000008000e48                SystemInit
 .text.Reset_Handler
                0x0000000008000e6c       0x50 ./Core/Startup/startup_stm32f401retx.o
                0x0000000008000e6c                Reset_Handler
 .text.Default_Handler
                0x0000000008000ebc        0x2 ./Core/Startup/startup_stm32f401retx.o
                0x0000000008000ebc                RTC_Alarm_IRQHandler
                0x0000000008000ebc                EXTI2_IRQHandler
                0x0000000008000ebc                SPI4_IRQHandler
                0x0000000008000ebc                TIM1_CC_IRQHandler
                0x0000000008000ebc                DMA2_Stream5_IRQHandler
                0x0000000008000ebc                DMA1_Stream5_IRQHandler
                0x0000000008000ebc                PVD_IRQHandler
                0x0000000008000ebc                SDIO_IRQHandler
                0x0000000008000ebc                TAMP_STAMP_IRQHandler
                0x0000000008000ebc                EXTI3_IRQHandler
                0x0000000008000ebc                TIM1_UP_TIM10_IRQHandler
                0x0000000008000ebc                I2C3_ER_IRQHandler
                0x0000000008000ebc                EXTI0_IRQHandler
                0x0000000008000ebc                I2C2_EV_IRQHandler
                0x0000000008000ebc                DMA1_Stream2_IRQHandler
                0x0000000008000ebc                FPU_IRQHandler
                0x0000000008000ebc                DMA2_Stream2_IRQHandler
                0x0000000008000ebc                SPI1_IRQHandler
                0x0000000008000ebc                TIM1_BRK_TIM9_IRQHandler
                0x0000000008000ebc                DMA2_Stream3_IRQHandler
                0x0000000008000ebc                USART6_IRQHandler
                0x0000000008000ebc                TIM4_IRQHandler
                0x0000000008000ebc                I2C1_EV_IRQHandler
                0x0000000008000ebc                DMA1_Stream6_IRQHandler
                0x0000000008000ebc                DMA1_Stream1_IRQHandler
                0x0000000008000ebc                TIM3_IRQHandler
                0x0000000008000ebc                RCC_IRQHandler
                0x0000000008000ebc                Default_Handler
                0x0000000008000ebc                EXTI15_10_IRQHandler
                0x0000000008000ebc                DMA1_Stream7_IRQHandler
                0x0000000008000ebc                TIM5_IRQHandler
                0x0000000008000ebc                DMA2_Stream7_IRQHandler
                0x0000000008000ebc                I2C3_EV_IRQHandler
                0x0000000008000ebc                EXTI9_5_IRQHandler
                0x0000000008000ebc                RTC_WKUP_IRQHandler
                0x0000000008000ebc                SPI2_IRQHandler
                0x0000000008000ebc                DMA1_Stream0_IRQHandler
                0x0000000008000ebc                EXTI4_IRQHandler
                0x0000000008000ebc                WWDG_IRQHandler
                0x0000000008000ebc                TIM2_IRQHandler
                0x0000000008000ebc                OTG_FS_WKUP_IRQHandler
                0x0000000008000ebc                TIM1_TRG_COM_TIM11_IRQHandler
                0x0000000008000ebc                EXTI1_IRQHandler
                0x0000000008000ebc                USART2_IRQHandler
                0x0000000008000ebc                I2C2_ER_IRQHandler
                0x0000000008000ebc                DMA2_Stream1_IRQHandler
                0x0000000008000ebc                FLASH_IRQHandler
                0x0000000008000ebc                DMA2_Stream4_IRQHandler
                0x0000000008000ebc                USART1_IRQHandler
                0x0000000008000ebc                SPI3_IRQHandler
                0x0000000008000ebc                DMA1_Stream4_IRQHandler
                0x0000000008000ebc                I2C1_ER_IRQHandler
                0x0000000008000ebc                DMA2_Stream6_IRQHandler
                0x0000000008000ebc                DMA1_Stream3_IRQHandler
 *fill*         0x0000000008000ebe        0x2 
 .text.HAL_Init
                0x0000000008000ec0       0x44 ./Drivers/STM32F4xx_HAL_Driver/Src/stm32f4xx_hal.o
                0x0000000008000ec0                HAL_Init
 .text.HAL_InitTick
                0x0000000008000f04       0x60 ./Drivers/STM32F4xx_HAL_Driver/Src/stm32f4xx_hal.o
                0x0000000008000f04                HAL_InitTick
 .text.HAL_IncTick
                0x0000000008000f64       0x28 ./Drivers/STM32F4xx_HAL_Driver/Src/stm32f4xx_hal.o
                0x0000000008000f64                HAL_IncTick
 .text.HAL_GetTick
                0x0000000008000f8c       0x18 ./Drivers/STM32F4xx_HAL_Driver/Src/stm32f4xx_hal.o
                0x0000000008000f8c                HAL_GetTick
 .text.HAL_Delay
                0x0000000008000fa4       0x48 ./Drivers/STM32F4xx_HAL_Driver/Src/stm32f4xx_hal.o
                0x0000000008000fa4                HAL_Delay
 .text.HAL_ADC_Init
                0x0000000008000fec       0x86 ./Drivers/STM32F4xx_HAL_Driver/Src/stm32f4xx_hal_adc.o
                0x0000000008000fec                HAL_ADC_Init
 .text.HAL_ADC_IRQHandler
                0x0000000008001072      0x220 ./Drivers/STM32F4xx_HAL_Driver/Src/stm32f4xx_hal_adc.o
                0x0000000008001072                HAL_ADC_IRQHandler
 *fill*         0x0000000008001292        0x2 
 .text.HAL_ADC_Start_DMA
                0x0000000008001294      0x1e0 ./Drivers/STM32F4xx_HAL_Driver/Src/stm32f4xx_hal_adc.o
                0x0000000008001294                HAL_ADC_Start_DMA
 .text.HAL_ADC_Stop_DMA
                0x0000000008001474       0xb4 ./Drivers/STM32F4xx_HAL_Driver/Src/stm32f4xx_hal_adc.o
                0x0000000008001474                HAL_ADC_Stop_DMA
 .text.HAL_ADC_ConvHalfCpltCallback
                0x0000000008001528       0x14 ./Drivers/STM32F4xx_HAL_Driver/Src/stm32f4xx_hal_adc.o
                0x0000000008001528                HAL_ADC_ConvHalfCpltCallback
 .text.HAL_ADC_LevelOutOfWindowCallback
                0x000000000800153c       0x14 ./Drivers/STM32F4xx_HAL_Driver/Src/stm32f4xx_hal_adc.o
                0x000000000800153c                HAL_ADC_LevelOutOfWindowCallback
 .text.HAL_ADC_ErrorCallback
                0x0000000008001550       0x14 ./Drivers/STM32F4xx_HAL_Driver/Src/stm32f4xx_hal_adc.o
                0x0000000008001550                HAL_ADC_ErrorCallback
 .text.HAL_ADC_ConfigChannel
                0x0000000008001564      0x244 ./Drivers/STM32F4xx_HAL_Driver/Src/stm32f4xx_hal_adc.o
                0x0000000008001564                HAL_ADC_ConfigChannel
 .text.ADC_Init
                0x00000000080017a8      0x1f8 ./Drivers/STM32F4xx_HAL_Driver/Src/stm32f4xx_hal_adc.o
 .text.ADC_DMAConvCplt
                0x00000000080019a0       0xba ./Drivers/STM32F4xx_HAL_Driver/Src/stm32f4xx_hal_adc.o
 .text.ADC_DMAHalfConvCplt
                0x0000000008001a5a       0x1c ./Drivers/STM32F4xx_HAL_Driver/Src/stm32f4xx_hal_adc.o
 .text.ADC_DMAError
                0x0000000008001a76       0x2e ./Drivers/STM32F4xx_HAL_Driver/Src/stm32f4xx_hal_adc.o
 .text.HAL_ADCEx_InjectedConvCpltCallback
                0x0000000008001aa4       0x14 ./Drivers/STM32F4xx_HAL_Driver/Src/stm32f4xx_hal_adc_ex.o
                0x0000000008001aa4                HAL_ADCEx_InjectedConvCpltCallback
 .text.__NVIC_SetPriorityGrouping
                0x0000000008001ab8       0x48 ./Drivers/STM32F4xx_HAL_Driver/Src/stm32f4xx_hal_cortex.o
 .text.__NVIC_GetPriorityGrouping
                0x0000000008001b00       0x1c ./Drivers/STM32F4xx_HAL_Driver/Src/stm32f4xx_hal_cortex.o
 .text.__NVIC_EnableIRQ
                0x0000000008001b1c       0x3c ./Drivers/STM32F4xx_HAL_Driver/Src/stm32f4xx_hal_cortex.o
 .text.__NVIC_SetPriority
                0x0000000008001b58       0x54 ./Drivers/STM32F4xx_HAL_Driver/Src/stm32f4xx_hal_cortex.o
 .text.NVIC_EncodePriority
                0x0000000008001bac       0x66 ./Drivers/STM32F4xx_HAL_Driver/Src/stm32f4xx_hal_cortex.o
 *fill*         0x0000000008001c12        0x2 
 .text.SysTick_Config
                0x0000000008001c14       0x44 ./Drivers/STM32F4xx_HAL_Driver/Src/stm32f4xx_hal_cortex.o
 .text.HAL_NVIC_SetPriorityGrouping
                0x0000000008001c58       0x16 ./Drivers/STM32F4xx_HAL_Driver/Src/stm32f4xx_hal_cortex.o
                0x0000000008001c58                HAL_NVIC_SetPriorityGrouping
 .text.HAL_NVIC_SetPriority
                0x0000000008001c6e       0x38 ./Drivers/STM32F4xx_HAL_Driver/Src/stm32f4xx_hal_cortex.o
                0x0000000008001c6e                HAL_NVIC_SetPriority
 .text.HAL_NVIC_EnableIRQ
                0x0000000008001ca6       0x1c ./Drivers/STM32F4xx_HAL_Driver/Src/stm32f4xx_hal_cortex.o
                0x0000000008001ca6                HAL_NVIC_EnableIRQ
 .text.HAL_SYSTICK_Config
                0x0000000008001cc2       0x18 ./Drivers/STM32F4xx_HAL_Driver/Src/stm32f4xx_hal_cortex.o
                0x0000000008001cc2                HAL_SYSTICK_Config
 *fill*         0x0000000008001cda        0x2 
 .text.HAL_DMA_Init
                0x0000000008001cdc      0x15c ./Drivers/STM32F4xx_HAL_Driver/Src/stm32f4xx_hal_dma.o
                0x0000000008001cdc                HAL_DMA_Init
 .text.HAL_DMA_Start_IT
                0x0000000008001e38       0xb0 ./Drivers/STM32F4xx_HAL_Driver/Src/stm32f4xx_hal_dma.o
                0x0000000008001e38                HAL_DMA_Start_IT
 .text.HAL_DMA_Abort
                0x0000000008001ee8       0xe0 ./Drivers/STM32F4xx_HAL_Driver/Src/stm32f4xx_hal_dma.o
                0x0000000008001ee8                HAL_DMA_Abort
 .text.HAL_DMA_IRQHandler
                0x0000000008001fc8      0x314 ./Drivers/STM32F4xx_HAL_Driver/Src/stm32f4xx_hal_dma.o
                0x0000000008001fc8                HAL_DMA_IRQHandler
 .text.DMA_SetConfig
                0x00000000080022dc       0x5c ./Drivers/STM32F4xx_HAL_Driver/Src/stm32f4xx_hal_dma.o
 .text.DMA_CalcBaseAndBitshift
                0x0000000008002338       0x6c ./Drivers/STM32F4xx_HAL_Driver/Src/stm32f4xx_hal_dma.o
 .text.DMA_CheckFifoParam
                0x00000000080023a4       0xf8 ./Drivers/STM32F4xx_HAL_Driver/Src/stm32f4xx_hal_dma.o
 .text.HAL_GPIO_Init
                0x000000000800249c      0x308 ./Drivers/STM32F4xx_HAL_Driver/Src/stm32f4xx_hal_gpio.o
                0x000000000800249c                HAL_GPIO_Init
 .text.HAL_PCD_Init
                0x00000000080027a4      0x21e ./Drivers/STM32F4xx_HAL_Driver/Src/stm32f4xx_hal_pcd.o
                0x00000000080027a4                HAL_PCD_Init
 .text.HAL_PCD_Start
                0x00000000080029c2       0x6a ./Drivers/STM32F4xx_HAL_Driver/Src/stm32f4xx_hal_pcd.o
                0x00000000080029c2                HAL_PCD_Start
 .text.HAL_PCD_IRQHandler
                0x0000000008002a2c      0x942 ./Drivers/STM32F4xx_HAL_Driver/Src/stm32f4xx_hal_pcd.o
                0x0000000008002a2c                HAL_PCD_IRQHandler
 .text.HAL_PCD_SetAddress
                0x000000000800336e       0x48 ./Drivers/STM32F4xx_HAL_Driver/Src/stm32f4xx_hal_pcd.o
                0x000000000800336e                HAL_PCD_SetAddress
 .text.HAL_PCD_EP_Open
                0x00000000080033b6       0xd0 ./Drivers/STM32F4xx_HAL_Driver/Src/stm32f4xx_hal_pcd.o
                0x00000000080033b6                HAL_PCD_EP_Open
 .text.HAL_PCD_EP_Close
                0x0000000008003486       0x94 ./Drivers/STM32F4xx_HAL_Driver/Src/stm32f4xx_hal_pcd.o
                0x0000000008003486                HAL_PCD_EP_Close
 .text.HAL_PCD_EP_Receive
                0x000000000800351a       0x76 ./Drivers/STM32F4xx_HAL_Driver/Src/stm32f4xx_hal_pcd.o
                0x000000000800351a                HAL_PCD_EP_Receive
 .text.HAL_PCD_EP_Transmit
                0x0000000008003590       0x74 ./Drivers/STM32F4xx_HAL_Driver/Src/stm32f4xx_hal_pcd.o
                0x0000000008003590                HAL_PCD_EP_Transmit
 .text.HAL_PCD_EP_SetStall
                0x0000000008003604       0xc6 ./Drivers/STM32F4xx_HAL_Driver/Src/stm32f4xx_hal_pcd.o
                0x0000000008003604                HAL_PCD_EP_SetStall
 .text.HAL_PCD_EP_ClrStall
                0x00000000080036ca       0xac ./Drivers/STM32F4xx_HAL_Driver/Src/stm32f4xx_hal_pcd.o
                0x00000000080036ca                HAL_PCD_EP_ClrStall
 .text.HAL_PCD_EP_Abort
                0x0000000008003776       0x62 ./Drivers/STM32F4xx_HAL_Driver/Src/stm32f4xx_hal_pcd.o
                0x0000000008003776                HAL_PCD_EP_Abort
 .text.PCD_WriteEmptyTxFifo
                0x00000000080037d8      0x118 ./Drivers/STM32F4xx_HAL_Driver/Src/stm32f4xx_hal_pcd.o
 .text.PCD_EP_OutXfrComplete_int
                0x00000000080038f0      0x1d0 ./Drivers/STM32F4xx_HAL_Driver/Src/stm32f4xx_hal_pcd.o
 .text.PCD_EP_OutSetupPacket_int
                0x0000000008003ac0       0x8c ./Drivers/STM32F4xx_HAL_Driver/Src/stm32f4xx_hal_pcd.o
 .text.HAL_PCDEx_SetTxFiFo
                0x0000000008003b4c       0x8e ./Drivers/STM32F4xx_HAL_Driver/Src/stm32f4xx_hal_pcd_ex.o
                0x0000000008003b4c                HAL_PCDEx_SetTxFiFo
 .text.HAL_PCDEx_SetRxFiFo
                0x0000000008003bda       0x22 ./Drivers/STM32F4xx_HAL_Driver/Src/stm32f4xx_hal_pcd_ex.o
                0x0000000008003bda                HAL_PCDEx_SetRxFiFo
 .text.HAL_PCDEx_LPM_Callback
                0x0000000008003bfc       0x18 ./Drivers/STM32F4xx_HAL_Driver/Src/stm32f4xx_hal_pcd_ex.o
                0x0000000008003bfc                HAL_PCDEx_LPM_Callback
 .text.HAL_RCC_OscConfig
                0x0000000008003c14      0x4f0 ./Drivers/STM32F4xx_HAL_Driver/Src/stm32f4xx_hal_rcc.o
                0x0000000008003c14                HAL_RCC_OscConfig
 .text.HAL_RCC_ClockConfig
                0x0000000008004104      0x1cc ./Drivers/STM32F4xx_HAL_Driver/Src/stm32f4xx_hal_rcc.o
                0x0000000008004104                HAL_RCC_ClockConfig
 .text.HAL_RCC_GetSysClockFreq
                0x00000000080042d0      0x18c ./Drivers/STM32F4xx_HAL_Driver/Src/stm32f4xx_hal_rcc.o
                0x00000000080042d0                HAL_RCC_GetSysClockFreq
 .text.HAL_RCC_GetHCLKFreq
                0x000000000800445c       0x18 ./Drivers/STM32F4xx_HAL_Driver/Src/stm32f4xx_hal_rcc.o
                0x000000000800445c                HAL_RCC_GetHCLKFreq
 .text.HAL_RCC_GetPCLK1Freq
                0x0000000008004474       0x28 ./Drivers/STM32F4xx_HAL_Driver/Src/stm32f4xx_hal_rcc.o
                0x0000000008004474                HAL_RCC_GetPCLK1Freq
 .text.HAL_RCC_GetPCLK2Freq
                0x000000000800449c       0x28 ./Drivers/STM32F4xx_HAL_Driver/Src/stm32f4xx_hal_rcc.o
                0x000000000800449c                HAL_RCC_GetPCLK2Freq
 .text.HAL_UART_Init
                0x00000000080044c4       0xa0 ./Drivers/STM32F4xx_HAL_Driver/Src/stm32f4xx_hal_uart.o
                0x00000000080044c4                HAL_UART_Init
 .text.UART_SetConfig
                0x0000000008004564      0x4e8 ./Drivers/STM32F4xx_HAL_Driver/Src/stm32f4xx_hal_uart.o
 .text.USB_CoreInit
                0x0000000008004a4c       0xc8 ./Drivers/STM32F4xx_HAL_Driver/Src/stm32f4xx_ll_usb.o
                0x0000000008004a4c                USB_CoreInit
 .text.USB_SetTurnaroundTime
                0x0000000008004b14      0x144 ./Drivers/STM32F4xx_HAL_Driver/Src/stm32f4xx_ll_usb.o
                0x0000000008004b14                USB_SetTurnaroundTime
 .text.USB_EnableGlobalInt
                0x0000000008004c58       0x22 ./Drivers/STM32F4xx_HAL_Driver/Src/stm32f4xx_ll_usb.o
                0x0000000008004c58                USB_EnableGlobalInt
 .text.USB_DisableGlobalInt
                0x0000000008004c7a       0x22 ./Drivers/STM32F4xx_HAL_Driver/Src/stm32f4xx_ll_usb.o
                0x0000000008004c7a                USB_DisableGlobalInt
 .text.USB_SetCurrentMode
                0x0000000008004c9c       0x98 ./Drivers/STM32F4xx_HAL_Driver/Src/stm32f4xx_ll_usb.o
                0x0000000008004c9c                USB_SetCurrentMode
 .text.USB_DevInit
                0x0000000008004d34      0x2c8 ./Drivers/STM32F4xx_HAL_Driver/Src/stm32f4xx_ll_usb.o
                0x0000000008004d34                USB_DevInit
 .text.USB_FlushTxFifo
                0x0000000008004ffc       0x64 ./Drivers/STM32F4xx_HAL_Driver/Src/stm32f4xx_ll_usb.o
                0x0000000008004ffc                USB_FlushTxFifo
 .text.USB_FlushRxFifo
                0x0000000008005060       0x5c ./Drivers/STM32F4xx_HAL_Driver/Src/stm32f4xx_ll_usb.o
                0x0000000008005060                USB_FlushRxFifo
 .text.USB_SetDevSpeed
                0x00000000080050bc       0x32 ./Drivers/STM32F4xx_HAL_Driver/Src/stm32f4xx_ll_usb.o
                0x00000000080050bc                USB_SetDevSpeed
 .text.USB_GetDevSpeed
                0x00000000080050ee       0x4a ./Drivers/STM32F4xx_HAL_Driver/Src/stm32f4xx_ll_usb.o
                0x00000000080050ee                USB_GetDevSpeed
 .text.USB_ActivateEndpoint
                0x0000000008005138      0x10e ./Drivers/STM32F4xx_HAL_Driver/Src/stm32f4xx_ll_usb.o
                0x0000000008005138                USB_ActivateEndpoint
 *fill*         0x0000000008005246        0x2 
 .text.USB_DeactivateEndpoint
                0x0000000008005248      0x1b8 ./Drivers/STM32F4xx_HAL_Driver/Src/stm32f4xx_ll_usb.o
                0x0000000008005248                USB_DeactivateEndpoint
 .text.USB_EPStartXfer
                0x0000000008005400      0x530 ./Drivers/STM32F4xx_HAL_Driver/Src/stm32f4xx_ll_usb.o
                0x0000000008005400                USB_EPStartXfer
 .text.USB_EPStopXfer
                0x0000000008005930      0x154 ./Drivers/STM32F4xx_HAL_Driver/Src/stm32f4xx_ll_usb.o
                0x0000000008005930                USB_EPStopXfer
 .text.USB_WritePacket
                0x0000000008005a84       0x7c ./Drivers/STM32F4xx_HAL_Driver/Src/stm32f4xx_ll_usb.o
                0x0000000008005a84                USB_WritePacket
 .text.USB_ReadPacket
                0x0000000008005b00       0xb0 ./Drivers/STM32F4xx_HAL_Driver/Src/stm32f4xx_ll_usb.o
                0x0000000008005b00                USB_ReadPacket
 .text.USB_EPSetStall
                0x0000000008005bb0       0xdc ./Drivers/STM32F4xx_HAL_Driver/Src/stm32f4xx_ll_usb.o
                0x0000000008005bb0                USB_EPSetStall
 .text.USB_EPClearStall
                0x0000000008005c8c       0xcc ./Drivers/STM32F4xx_HAL_Driver/Src/stm32f4xx_ll_usb.o
                0x0000000008005c8c                USB_EPClearStall
 .text.USB_SetDevAddress
                0x0000000008005d58       0x4c ./Drivers/STM32F4xx_HAL_Driver/Src/stm32f4xx_ll_usb.o
                0x0000000008005d58                USB_SetDevAddress
 .text.USB_DevConnect
                0x0000000008005da4       0x42 ./Drivers/STM32F4xx_HAL_Driver/Src/stm32f4xx_ll_usb.o
                0x0000000008005da4                USB_DevConnect
 .text.USB_DevDisconnect
                0x0000000008005de6       0x42 ./Drivers/STM32F4xx_HAL_Driver/Src/stm32f4xx_ll_usb.o
                0x0000000008005de6                USB_DevDisconnect
 .text.USB_ReadInterrupts
                0x0000000008005e28       0x26 ./Drivers/STM32F4xx_HAL_Driver/Src/stm32f4xx_ll_usb.o
                0x0000000008005e28                USB_ReadInterrupts
 .text.USB_ReadDevAllOutEpInterrupt
                0x0000000008005e4e       0x34 ./Drivers/STM32F4xx_HAL_Driver/Src/stm32f4xx_ll_usb.o
                0x0000000008005e4e                USB_ReadDevAllOutEpInterrupt
 .text.USB_ReadDevAllInEpInterrupt
                0x0000000008005e82       0x34 ./Drivers/STM32F4xx_HAL_Driver/Src/stm32f4xx_ll_usb.o
                0x0000000008005e82                USB_ReadDevAllInEpInterrupt
 .text.USB_ReadDevOutEPInterrupt
                0x0000000008005eb6       0x3c ./Drivers/STM32F4xx_HAL_Driver/Src/stm32f4xx_ll_usb.o
                0x0000000008005eb6                USB_ReadDevOutEPInterrupt
 .text.USB_ReadDevInEPInterrupt
                0x0000000008005ef2       0x5c ./Drivers/STM32F4xx_HAL_Driver/Src/stm32f4xx_ll_usb.o
                0x0000000008005ef2                USB_ReadDevInEPInterrupt
 .text.USB_GetMode
                0x0000000008005f4e       0x1c ./Drivers/STM32F4xx_HAL_Driver/Src/stm32f4xx_ll_usb.o
                0x0000000008005f4e                USB_GetMode
 .text.USB_ActivateSetup
                0x0000000008005f6a       0x46 ./Drivers/STM32F4xx_HAL_Driver/Src/stm32f4xx_ll_usb.o
                0x0000000008005f6a                USB_ActivateSetup
 .text.USB_EP0_OutStart
                0x0000000008005fb0       0xbc ./Drivers/STM32F4xx_HAL_Driver/Src/stm32f4xx_ll_usb.o
                0x0000000008005fb0                USB_EP0_OutStart
 .text.USB_CoreReset
                0x000000000800606c       0x62 ./Drivers/STM32F4xx_HAL_Driver/Src/stm32f4xx_ll_usb.o
 *fill*         0x00000000080060ce        0x2 
 .text.USBD_HID_Init
                0x00000000080060d0       0xcc ./Middlewares/ST/STM32_USB_Device_Library/Class/HID/Src/usbd_hid.o
 .text.USBD_HID_DeInit
                0x000000000800619c       0x90 ./Middlewares/ST/STM32_USB_Device_Library/Class/HID/Src/usbd_hid.o
 .text.USBD_HID_Setup
                0x000000000800622c      0x210 ./Middlewares/ST/STM32_USB_Device_Library/Class/HID/Src/usbd_hid.o
 .text.USBD_HID_SendReport
                0x000000000800643c       0x60 ./Middlewares/ST/STM32_USB_Device_Library/Class/HID/Src/usbd_hid.o
                0x000000000800643c                USBD_HID_SendReport
 .text.USBD_HID_GetFSCfgDesc
                0x000000000800649c       0x34 ./Middlewares/ST/STM32_USB_Device_Library/Class/HID/Src/usbd_hid.o
 .text.USBD_HID_GetHSCfgDesc
                0x00000000080064d0       0x34 ./Middlewares/ST/STM32_USB_Device_Library/Class/HID/Src/usbd_hid.o
 .text.USBD_HID_GetOtherSpeedCfgDesc
                0x0000000008006504       0x34 ./Middlewares/ST/STM32_USB_Device_Library/Class/HID/Src/usbd_hid.o
 .text.USBD_HID_DataIn
                0x0000000008006538       0x2c ./Middlewares/ST/STM32_USB_Device_Library/Class/HID/Src/usbd_hid.o
 .text.USBD_HID_GetDeviceQualifierDesc
                0x0000000008006564       0x20 ./Middlewares/ST/STM32_USB_Device_Library/Class/HID/Src/usbd_hid.o
 .text.USBD_Init
                0x0000000008006584       0x60 ./Middlewares/ST/STM32_USB_Device_Library/Core/Src/usbd_core.o
                0x0000000008006584                USBD_Init
 .text.USBD_RegisterClass
                0x00000000080065e4       0x6c ./Middlewares/ST/STM32_USB_Device_Library/Core/Src/usbd_core.o
                0x00000000080065e4                USBD_RegisterClass
 .text.USBD_Start
                0x0000000008006650       0x18 ./Middlewares/ST/STM32_USB_Device_Library/Core/Src/usbd_core.o
                0x0000000008006650                USBD_Start
 .text.USBD_RunTestMode
                0x0000000008006668       0x16 ./Middlewares/ST/STM32_USB_Device_Library/Core/Src/usbd_core.o
                0x0000000008006668                USBD_RunTestMode
 .text.USBD_SetClassConfig
                0x000000000800667e       0x38 ./Middlewares/ST/STM32_USB_Device_Library/Core/Src/usbd_core.o
                0x000000000800667e                USBD_SetClassConfig
 .text.USBD_ClrClassConfig
                0x00000000080066b6       0x34 ./Middlewares/ST/STM32_USB_Device_Library/Core/Src/usbd_core.o
                0x00000000080066b6                USBD_ClrClassConfig
 .text.USBD_LL_SetupStage
                0x00000000080066ea       0xaa ./Middlewares/ST/STM32_USB_Device_Library/Core/Src/usbd_core.o
                0x00000000080066ea                USBD_LL_SetupStage
 .text.USBD_LL_DataOutStage
                0x0000000008006794      0x166 ./Middlewares/ST/STM32_USB_Device_Library/Core/Src/usbd_core.o
                0x0000000008006794                USBD_LL_DataOutStage
 .text.USBD_LL_DataInStage
                0x00000000080068fa      0x164 ./Middlewares/ST/STM32_USB_Device_Library/Core/Src/usbd_core.o
                0x00000000080068fa                USBD_LL_DataInStage
 .text.USBD_LL_Reset
                0x0000000008006a5e       0xa4 ./Middlewares/ST/STM32_USB_Device_Library/Core/Src/usbd_core.o
                0x0000000008006a5e                USBD_LL_Reset
 .text.USBD_LL_SetSpeed
                0x0000000008006b02       0x20 ./Middlewares/ST/STM32_USB_Device_Library/Core/Src/usbd_core.o
                0x0000000008006b02                USBD_LL_SetSpeed
 .text.USBD_LL_Suspend
                0x0000000008006b22       0x38 ./Middlewares/ST/STM32_USB_Device_Library/Core/Src/usbd_core.o
                0x0000000008006b22                USBD_LL_Suspend
 .text.USBD_LL_Resume
                0x0000000008006b5a       0x30 ./Middlewares/ST/STM32_USB_Device_Library/Core/Src/usbd_core.o
                0x0000000008006b5a                USBD_LL_Resume
 .text.USBD_LL_SOF
                0x0000000008006b8a       0x40 ./Middlewares/ST/STM32_USB_Device_Library/Core/Src/usbd_core.o
                0x0000000008006b8a                USBD_LL_SOF
 .text.USBD_LL_IsoINIncomplete
                0x0000000008006bca       0x64 ./Middlewares/ST/STM32_USB_Device_Library/Core/Src/usbd_core.o
                0x0000000008006bca                USBD_LL_IsoINIncomplete
 .text.USBD_LL_IsoOUTIncomplete
                0x0000000008006c2e       0x64 ./Middlewares/ST/STM32_USB_Device_Library/Core/Src/usbd_core.o
                0x0000000008006c2e                USBD_LL_IsoOUTIncomplete
 .text.USBD_LL_DevConnected
                0x0000000008006c92       0x16 ./Middlewares/ST/STM32_USB_Device_Library/Core/Src/usbd_core.o
                0x0000000008006c92                USBD_LL_DevConnected
 .text.USBD_LL_DevDisconnected
                0x0000000008006ca8       0x46 ./Middlewares/ST/STM32_USB_Device_Library/Core/Src/usbd_core.o
                0x0000000008006ca8                USBD_LL_DevDisconnected
 .text.USBD_CoreFindIF
                0x0000000008006cee       0x1a ./Middlewares/ST/STM32_USB_Device_Library/Core/Src/usbd_core.o
                0x0000000008006cee                USBD_CoreFindIF
 .text.USBD_CoreFindEP
                0x0000000008006d08       0x1a ./Middlewares/ST/STM32_USB_Device_Library/Core/Src/usbd_core.o
                0x0000000008006d08                USBD_CoreFindEP
 .text.USBD_GetEpDesc
                0x0000000008006d22       0x74 ./Middlewares/ST/STM32_USB_Device_Library/Core/Src/usbd_core.o
                0x0000000008006d22                USBD_GetEpDesc
 .text.USBD_GetNextDesc
                0x0000000008006d96       0x3a ./Middlewares/ST/STM32_USB_Device_Library/Core/Src/usbd_core.o
                0x0000000008006d96                USBD_GetNextDesc
 .text.SWAPBYTE
                0x0000000008006dd0       0x3c ./Middlewares/ST/STM32_USB_Device_Library/Core/Src/usbd_ctlreq.o
 .text.USBD_StdDevReq
                0x0000000008006e0c       0xe4 ./Middlewares/ST/STM32_USB_Device_Library/Core/Src/usbd_ctlreq.o
                0x0000000008006e0c                USBD_StdDevReq
 .text.USBD_StdItfReq
                0x0000000008006ef0       0xd8 ./Middlewares/ST/STM32_USB_Device_Library/Core/Src/usbd_ctlreq.o
                0x0000000008006ef0                USBD_StdItfReq
 .text.USBD_StdEPReq
                0x0000000008006fc8      0x33a ./Middlewares/ST/STM32_USB_Device_Library/Core/Src/usbd_ctlreq.o
                0x0000000008006fc8                USBD_StdEPReq
 *fill*         0x0000000008007302        0x2 
 .text.USBD_GetDescriptor
                0x0000000008007304      0x2d4 ./Middlewares/ST/STM32_USB_Device_Library/Core/Src/usbd_ctlreq.o
 .text.USBD_SetAddress
                0x00000000080075d8       0x88 ./Middlewares/ST/STM32_USB_Device_Library/Core/Src/usbd_ctlreq.o
 .text.USBD_SetConfig
                0x0000000008007660      0x154 ./Middlewares/ST/STM32_USB_Device_Library/Core/Src/usbd_ctlreq.o
 .text.USBD_GetConfig
                0x00000000080077b4       0x6c ./Middlewares/ST/STM32_USB_Device_Library/Core/Src/usbd_ctlreq.o
 .text.USBD_GetStatus
                0x0000000008007820       0x68 ./Middlewares/ST/STM32_USB_Device_Library/Core/Src/usbd_ctlreq.o
 .text.USBD_SetFeature
                0x0000000008007888       0x52 ./Middlewares/ST/STM32_USB_Device_Library/Core/Src/usbd_ctlreq.o
 .text.USBD_ClrFeature
                0x00000000080078da       0x44 ./Middlewares/ST/STM32_USB_Device_Library/Core/Src/usbd_ctlreq.o
 .text.USBD_ParseSetupRequest
                0x000000000800791e       0x74 ./Middlewares/ST/STM32_USB_Device_Library/Core/Src/usbd_ctlreq.o
                0x000000000800791e                USBD_ParseSetupRequest
 .text.USBD_CtlError
                0x0000000008007992       0x22 ./Middlewares/ST/STM32_USB_Device_Library/Core/Src/usbd_ctlreq.o
                0x0000000008007992                USBD_CtlError
 .text.USBD_GetString
                0x00000000080079b4       0x8c ./Middlewares/ST/STM32_USB_Device_Library/Core/Src/usbd_ctlreq.o
                0x00000000080079b4                USBD_GetString
 .text.USBD_GetLen
                0x0000000008007a40       0x34 ./Middlewares/ST/STM32_USB_Device_Library/Core/Src/usbd_ctlreq.o
 .text.USBD_CtlSendData
                0x0000000008007a74       0x36 ./Middlewares/ST/STM32_USB_Device_Library/Core/Src/usbd_ioreq.o
                0x0000000008007a74                USBD_CtlSendData
 .text.USBD_CtlContinueSendData
                0x0000000008007aaa       0x22 ./Middlewares/ST/STM32_USB_Device_Library/Core/Src/usbd_ioreq.o
                0x0000000008007aaa                USBD_CtlContinueSendData
 .text.USBD_CtlContinueRx
                0x0000000008007acc       0x22 ./Middlewares/ST/STM32_USB_Device_Library/Core/Src/usbd_ioreq.o
                0x0000000008007acc                USBD_CtlContinueRx
 .text.USBD_CtlSendStatus
                0x0000000008007aee       0x26 ./Middlewares/ST/STM32_USB_Device_Library/Core/Src/usbd_ioreq.o
                0x0000000008007aee                USBD_CtlSendStatus
 .text.USBD_CtlReceiveStatus
                0x0000000008007b14       0x26 ./Middlewares/ST/STM32_USB_Device_Library/Core/Src/usbd_ioreq.o
                0x0000000008007b14                USBD_CtlReceiveStatus
 *fill*         0x0000000008007b3a        0x2 
 .text.SendMessage
                0x0000000008007b3c       0x34 ./Transmit_ABS/transmit_abs.o
                0x0000000008007b3c                SendMessage
 .text.MX_USB_DEVICE_Init
                0x0000000008007b70       0x4c ./USB_DEVICE/App/usb_device.o
                0x0000000008007b70                MX_USB_DEVICE_Init
 .text.USBD_FS_DeviceDescriptor
                0x0000000008007bbc       0x24 ./USB_DEVICE/App/usbd_desc.o
                0x0000000008007bbc                USBD_FS_DeviceDescriptor
 .text.USBD_FS_LangIDStrDescriptor
                0x0000000008007be0       0x24 ./USB_DEVICE/App/usbd_desc.o
                0x0000000008007be0                USBD_FS_LangIDStrDescriptor
 .text.USBD_FS_ProductStrDescriptor
                0x0000000008007c04       0x3c ./USB_DEVICE/App/usbd_desc.o
                0x0000000008007c04                USBD_FS_ProductStrDescriptor
 .text.USBD_FS_ManufacturerStrDescriptor
                0x0000000008007c40       0x28 ./USB_DEVICE/App/usbd_desc.o
                0x0000000008007c40                USBD_FS_ManufacturerStrDescriptor
 .text.USBD_FS_SerialStrDescriptor
                0x0000000008007c68       0x24 ./USB_DEVICE/App/usbd_desc.o
                0x0000000008007c68                USBD_FS_SerialStrDescriptor
 .text.USBD_FS_ConfigStrDescriptor
                0x0000000008007c8c       0x3c ./USB_DEVICE/App/usbd_desc.o
                0x0000000008007c8c                USBD_FS_ConfigStrDescriptor
 .text.USBD_FS_InterfaceStrDescriptor
                0x0000000008007cc8       0x3c ./USB_DEVICE/App/usbd_desc.o
                0x0000000008007cc8                USBD_FS_InterfaceStrDescriptor
 .text.Get_SerialNum
                0x0000000008007d04       0x58 ./USB_DEVICE/App/usbd_desc.o
 .text.IntToUnicode
                0x0000000008007d5c       0x7e ./USB_DEVICE/App/usbd_desc.o
 *fill*         0x0000000008007dda        0x2 
 .text.HAL_PCD_MspInit
                0x0000000008007ddc       0xa8 ./USB_DEVICE/Target/usbd_conf.o
                0x0000000008007ddc                HAL_PCD_MspInit
 .text.HAL_PCD_SetupStageCallback
                0x0000000008007e84       0x24 ./USB_DEVICE/Target/usbd_conf.o
                0x0000000008007e84                HAL_PCD_SetupStageCallback
 .text.HAL_PCD_DataOutStageCallback
                0x0000000008007ea8       0x36 ./USB_DEVICE/Target/usbd_conf.o
                0x0000000008007ea8                HAL_PCD_DataOutStageCallback
 .text.HAL_PCD_DataInStageCallback
                0x0000000008007ede       0x34 ./USB_DEVICE/Target/usbd_conf.o
                0x0000000008007ede                HAL_PCD_DataInStageCallback
 .text.HAL_PCD_SOFCallback
                0x0000000008007f12       0x1c ./USB_DEVICE/Target/usbd_conf.o
                0x0000000008007f12                HAL_PCD_SOFCallback
 .text.HAL_PCD_ResetCallback
                0x0000000008007f2e       0x50 ./USB_DEVICE/Target/usbd_conf.o
                0x0000000008007f2e                HAL_PCD_ResetCallback
 *fill*         0x0000000008007f7e        0x2 
 .text.HAL_PCD_SuspendCallback
                0x0000000008007f80       0x4c ./USB_DEVICE/Target/usbd_conf.o
                0x0000000008007f80                HAL_PCD_SuspendCallback
 .text.HAL_PCD_ResumeCallback
                0x0000000008007fcc       0x1c ./USB_DEVICE/Target/usbd_conf.o
                0x0000000008007fcc                HAL_PCD_ResumeCallback
 .text.HAL_PCD_ISOOUTIncompleteCallback
                0x0000000008007fe8       0x24 ./USB_DEVICE/Target/usbd_conf.o
                0x0000000008007fe8                HAL_PCD_ISOOUTIncompleteCallback
 .text.HAL_PCD_ISOINIncompleteCallback
                0x000000000800800c       0x24 ./USB_DEVICE/Target/usbd_conf.o
                0x000000000800800c                HAL_PCD_ISOINIncompleteCallback
 .text.HAL_PCD_ConnectCallback
                0x0000000008008030       0x1c ./USB_DEVICE/Target/usbd_conf.o
                0x0000000008008030                HAL_PCD_ConnectCallback
 .text.HAL_PCD_DisconnectCallback
                0x000000000800804c       0x1c ./USB_DEVICE/Target/usbd_conf.o
                0x000000000800804c                HAL_PCD_DisconnectCallback
 .text.USBD_LL_Init
                0x0000000008008068       0x98 ./USB_DEVICE/Target/usbd_conf.o
                0x0000000008008068                USBD_LL_Init
 .text.USBD_LL_Start
                0x0000000008008100       0x36 ./USB_DEVICE/Target/usbd_conf.o
                0x0000000008008100                USBD_LL_Start
 .text.USBD_LL_OpenEP
                0x0000000008008136       0x4c ./USB_DEVICE/Target/usbd_conf.o
                0x0000000008008136                USBD_LL_OpenEP
 .text.USBD_LL_CloseEP
                0x0000000008008182       0x3e ./USB_DEVICE/Target/usbd_conf.o
                0x0000000008008182                USBD_LL_CloseEP
 .text.USBD_LL_StallEP
                0x00000000080081c0       0x3e ./USB_DEVICE/Target/usbd_conf.o
                0x00000000080081c0                USBD_LL_StallEP
 .text.USBD_LL_ClearStallEP
                0x00000000080081fe       0x3e ./USB_DEVICE/Target/usbd_conf.o
                0x00000000080081fe                USBD_LL_ClearStallEP
 .text.USBD_LL_IsStallEP
                0x000000000800823c       0x58 ./USB_DEVICE/Target/usbd_conf.o
                0x000000000800823c                USBD_LL_IsStallEP
 .text.USBD_LL_SetUSBAddress
                0x0000000008008294       0x3e ./USB_DEVICE/Target/usbd_conf.o
                0x0000000008008294                USBD_LL_SetUSBAddress
 .text.USBD_LL_Transmit
                0x00000000080082d2       0x42 ./USB_DEVICE/Target/usbd_conf.o
                0x00000000080082d2                USBD_LL_Transmit
 .text.USBD_LL_PrepareReceive
                0x0000000008008314       0x42 ./USB_DEVICE/Target/usbd_conf.o
                0x0000000008008314                USBD_LL_PrepareReceive
 *fill*         0x0000000008008356        0x2 
 .text.USBD_static_malloc
                0x0000000008008358       0x1c ./USB_DEVICE/Target/usbd_conf.o
                0x0000000008008358                USBD_static_malloc
 .text.USBD_static_free
                0x0000000008008374       0x14 ./USB_DEVICE/Target/usbd_conf.o
                0x0000000008008374                USBD_static_free
 .text.USBD_Get_USB_Status
                0x0000000008008388       0x58 ./USB_DEVICE/Target/usbd_conf.o
                0x0000000008008388                USBD_Get_USB_Status
 .text.memset   0x00000000080083e0       0x10 C:/ST/STM32CubeIDE_1.14.1/STM32CubeIDE/plugins/com.st.stm32cube.ide.mcu.externaltools.gnu-tools-for-stm32.11.3.rel1.win32_1.1.100.202309141235/tools/bin/../lib/gcc/arm-none-eabi/11.3.1/../../../../arm-none-eabi/lib/thumb/v7e-m+fp/hard\libc_nano.a(libc_a-memset.o)
                0x00000000080083e0                memset
 .text.__libc_init_array
                0x00000000080083f0       0x48 C:/ST/STM32CubeIDE_1.14.1/STM32CubeIDE/plugins/com.st.stm32cube.ide.mcu.externaltools.gnu-tools-for-stm32.11.3.rel1.win32_1.1.100.202309141235/tools/bin/../lib/gcc/arm-none-eabi/11.3.1/../../../../arm-none-eabi/lib/thumb/v7e-m+fp/hard\libc_nano.a(libc_a-init.o)
                0x00000000080083f0                __libc_init_array
 .text.memcpy   0x0000000008008438       0x1c C:/ST/STM32CubeIDE_1.14.1/STM32CubeIDE/plugins/com.st.stm32cube.ide.mcu.externaltools.gnu-tools-for-stm32.11.3.rel1.win32_1.1.100.202309141235/tools/bin/../lib/gcc/arm-none-eabi/11.3.1/../../../../arm-none-eabi/lib/thumb/v7e-m+fp/hard\libc_nano.a(libc_a-memcpy-stub.o)
                0x0000000008008438                memcpy
 *(.glue_7)
 .glue_7        0x0000000008008454        0x0 linker stubs
 *(.glue_7t)
 .glue_7t       0x0000000008008454        0x0 linker stubs
 *(.eh_frame)
 .eh_frame      0x0000000008008454        0x0 C:/ST/STM32CubeIDE_1.14.1/STM32CubeIDE/plugins/com.st.stm32cube.ide.mcu.externaltools.gnu-tools-for-stm32.11.3.rel1.win32_1.1.100.202309141235/tools/bin/../lib/gcc/arm-none-eabi/11.3.1/thumb/v7e-m+fp/hard/crtbegin.o
 *(.init)
 .init          0x0000000008008454        0x4 C:/ST/STM32CubeIDE_1.14.1/STM32CubeIDE/plugins/com.st.stm32cube.ide.mcu.externaltools.gnu-tools-for-stm32.11.3.rel1.win32_1.1.100.202309141235/tools/bin/../lib/gcc/arm-none-eabi/11.3.1/thumb/v7e-m+fp/hard/crti.o
                0x0000000008008454                _init
 .init          0x0000000008008458        0x8 C:/ST/STM32CubeIDE_1.14.1/STM32CubeIDE/plugins/com.st.stm32cube.ide.mcu.externaltools.gnu-tools-for-stm32.11.3.rel1.win32_1.1.100.202309141235/tools/bin/../lib/gcc/arm-none-eabi/11.3.1/thumb/v7e-m+fp/hard/crtn.o
 *(.fini)
 .fini          0x0000000008008460        0x4 C:/ST/STM32CubeIDE_1.14.1/STM32CubeIDE/plugins/com.st.stm32cube.ide.mcu.externaltools.gnu-tools-for-stm32.11.3.rel1.win32_1.1.100.202309141235/tools/bin/../lib/gcc/arm-none-eabi/11.3.1/thumb/v7e-m+fp/hard/crti.o
                0x0000000008008460                _fini
 .fini          0x0000000008008464        0x8 C:/ST/STM32CubeIDE_1.14.1/STM32CubeIDE/plugins/com.st.stm32cube.ide.mcu.externaltools.gnu-tools-for-stm32.11.3.rel1.win32_1.1.100.202309141235/tools/bin/../lib/gcc/arm-none-eabi/11.3.1/thumb/v7e-m+fp/hard/crtn.o
                0x000000000800846c                . = ALIGN (0x4)
                0x000000000800846c                _etext = .

.vfp11_veneer   0x000000000800846c        0x0
 .vfp11_veneer  0x000000000800846c        0x0 linker stubs

.v4_bx          0x000000000800846c        0x0
 .v4_bx         0x000000000800846c        0x0 linker stubs

.iplt           0x000000000800846c        0x0
 .iplt          0x000000000800846c        0x0 C:/ST/STM32CubeIDE_1.14.1/STM32CubeIDE/plugins/com.st.stm32cube.ide.mcu.externaltools.gnu-tools-for-stm32.11.3.rel1.win32_1.1.100.202309141235/tools/bin/../lib/gcc/arm-none-eabi/11.3.1/thumb/v7e-m+fp/hard/crtbegin.o

.rodata         0x000000000800846c       0x68
                0x000000000800846c                . = ALIGN (0x4)
 *(.rodata)
 .rodata        0x000000000800846c       0x46 ./USB_DEVICE/App/usbd_desc.o
 *(.rodata*)
 *fill*         0x00000000080084b2        0x2 
 .rodata.AHBPrescTable
                0x00000000080084b4       0x10 ./Core/Src/system_stm32f4xx.o
                0x00000000080084b4                AHBPrescTable
 .rodata.APBPrescTable
                0x00000000080084c4        0x8 ./Core/Src/system_stm32f4xx.o
                0x00000000080084c4                APBPrescTable
 .rodata.flagBitshiftOffset.0
                0x00000000080084cc        0x8 ./Drivers/STM32F4xx_HAL_Driver/Src/stm32f4xx_hal_dma.o
                0x00000000080084d4                . = ALIGN (0x4)

.ARM.extab      0x00000000080084d4        0x0
                0x00000000080084d4                . = ALIGN (0x4)
 *(.ARM.extab* .gnu.linkonce.armextab.*)
                0x00000000080084d4                . = ALIGN (0x4)

.ARM            0x00000000080084d4        0x8
                0x00000000080084d4                . = ALIGN (0x4)
                0x00000000080084d4                __exidx_start = .
 *(.ARM.exidx*)
 .ARM.exidx     0x00000000080084d4        0x8 C:/ST/STM32CubeIDE_1.14.1/STM32CubeIDE/plugins/com.st.stm32cube.ide.mcu.externaltools.gnu-tools-for-stm32.11.3.rel1.win32_1.1.100.202309141235/tools/bin/../lib/gcc/arm-none-eabi/11.3.1/thumb/v7e-m+fp/hard\libgcc.a(_udivmoddi4.o)
                0x00000000080084dc                __exidx_end = .
                0x00000000080084dc                . = ALIGN (0x4)

.rel.dyn        0x00000000080084dc        0x0
 .rel.iplt      0x00000000080084dc        0x0 C:/ST/STM32CubeIDE_1.14.1/STM32CubeIDE/plugins/com.st.stm32cube.ide.mcu.externaltools.gnu-tools-for-stm32.11.3.rel1.win32_1.1.100.202309141235/tools/bin/../lib/gcc/arm-none-eabi/11.3.1/thumb/v7e-m+fp/hard/crtbegin.o

.preinit_array  0x00000000080084dc        0x0
                0x00000000080084dc                . = ALIGN (0x4)
                0x00000000080084dc                PROVIDE (__preinit_array_start = .)
 *(.preinit_array*)
                0x00000000080084dc                PROVIDE (__preinit_array_end = .)
                0x00000000080084dc                . = ALIGN (0x4)

.init_array     0x00000000080084dc        0x4
                0x00000000080084dc                . = ALIGN (0x4)
                0x00000000080084dc                PROVIDE (__init_array_start = .)
 *(SORT_BY_NAME(.init_array.*))
 *(.init_array*)
 .init_array    0x00000000080084dc        0x4 C:/ST/STM32CubeIDE_1.14.1/STM32CubeIDE/plugins/com.st.stm32cube.ide.mcu.externaltools.gnu-tools-for-stm32.11.3.rel1.win32_1.1.100.202309141235/tools/bin/../lib/gcc/arm-none-eabi/11.3.1/thumb/v7e-m+fp/hard/crtbegin.o
                0x00000000080084e0                PROVIDE (__init_array_end = .)
                0x00000000080084e0                . = ALIGN (0x4)

.fini_array     0x00000000080084e0        0x4
                0x00000000080084e0                . = ALIGN (0x4)
                [!provide]                        PROVIDE (__fini_array_start = .)
 *(SORT_BY_NAME(.fini_array.*))
 *(.fini_array*)
 .fini_array    0x00000000080084e0        0x4 C:/ST/STM32CubeIDE_1.14.1/STM32CubeIDE/plugins/com.st.stm32cube.ide.mcu.externaltools.gnu-tools-for-stm32.11.3.rel1.win32_1.1.100.202309141235/tools/bin/../lib/gcc/arm-none-eabi/11.3.1/thumb/v7e-m+fp/hard/crtbegin.o
                [!provide]                        PROVIDE (__fini_array_end = .)
                0x00000000080084e4                . = ALIGN (0x4)
                0x00000000080084e4                _sidata = LOADADDR (.data)

.data           0x0000000020000000      0x1c4 load address 0x00000000080084e4
                0x0000000020000000                . = ALIGN (0x4)
                0x0000000020000000                _sdata = .
 *(.data)
 *(.data*)
 .data.PAD_FadeOutValue
                0x0000000020000000        0x6 ./Core/Src/main.o
                0x0000000020000000                PAD_FadeOutValue
 *fill*         0x0000000020000006        0x2 
 .data.PAD_Debounce
                0x0000000020000008       0x18 ./Core/Src/main.o
                0x0000000020000008                PAD_Debounce
 .data.PAD_ScanWindow
                0x0000000020000020       0x18 ./Core/Src/main.o
                0x0000000020000020                PAD_ScanWindow
 .data.PAD_Threshold
                0x0000000020000038       0x18 ./Core/Src/main.o
                0x0000000020000038                PAD_Threshold
 .data.drums    0x0000000020000050       0x11 ./Core/Src/main.o
                0x0000000020000050                drums
 *fill*         0x0000000020000061        0x3 
 .data.SystemCoreClock
                0x0000000020000064        0x4 ./Core/Src/system_stm32f4xx.o
                0x0000000020000064                SystemCoreClock
 .data.uwTickPrio
                0x0000000020000068        0x4 ./Drivers/STM32F4xx_HAL_Driver/Src/stm32f4xx_hal.o
                0x0000000020000068                uwTickPrio
 .data.uwTickFreq
                0x000000002000006c        0x1 ./Drivers/STM32F4xx_HAL_Driver/Src/stm32f4xx_hal.o
                0x000000002000006c                uwTickFreq
 *fill*         0x000000002000006d        0x3 
 .data.USBD_HID
                0x0000000020000070       0x38 ./Middlewares/ST/STM32_USB_Device_Library/Class/HID/Src/usbd_hid.o
                0x0000000020000070                USBD_HID
 .data.USBD_HID_CfgDesc
                0x00000000200000a8       0x65 ./Middlewares/ST/STM32_USB_Device_Library/Class/HID/Src/usbd_hid.o
 *fill*         0x000000002000010d        0x3 
 .data.USBD_HID_Desc
                0x0000000020000110        0x9 ./Middlewares/ST/STM32_USB_Device_Library/Class/HID/Src/usbd_hid.o
 *fill*         0x0000000020000119        0x3 
 .data.USBD_HID_DeviceQualifierDesc
                0x000000002000011c        0xa ./Middlewares/ST/STM32_USB_Device_Library/Class/HID/Src/usbd_hid.o
 *fill*         0x0000000020000126        0x2 
 .data.HID_MOUSE_ReportDesc
                0x0000000020000128       0x4a ./Middlewares/ST/STM32_USB_Device_Library/Class/HID/Src/usbd_hid.o
 .data.HIDInEpAdd
                0x0000000020000172        0x1 ./Middlewares/ST/STM32_USB_Device_Library/Class/HID/Src/usbd_hid.o
 *fill*         0x0000000020000173        0x1 
 .data.FS_Desc  0x0000000020000174       0x1c ./USB_DEVICE/App/usbd_desc.o
                0x0000000020000174                FS_Desc
 .data.USBD_FS_DeviceDesc
                0x0000000020000190       0x12 ./USB_DEVICE/App/usbd_desc.o
                0x0000000020000190                USBD_FS_DeviceDesc
 *fill*         0x00000000200001a2        0x2 
 .data.USBD_LangIDDesc
                0x00000000200001a4        0x4 ./USB_DEVICE/App/usbd_desc.o
                0x00000000200001a4                USBD_LangIDDesc
 .data.USBD_StringSerial
                0x00000000200001a8       0x1a ./USB_DEVICE/App/usbd_desc.o
                0x00000000200001a8                USBD_StringSerial
 *(.RamFunc)
 *(.RamFunc*)
                0x00000000200001c4                . = ALIGN (0x4)
 *fill*         0x00000000200001c2        0x2 
                0x00000000200001c4                _edata = .

.igot.plt       0x00000000200001c4        0x0 load address 0x00000000080086a8
 .igot.plt      0x00000000200001c4        0x0 C:/ST/STM32CubeIDE_1.14.1/STM32CubeIDE/plugins/com.st.stm32cube.ide.mcu.externaltools.gnu-tools-for-stm32.11.3.rel1.win32_1.1.100.202309141235/tools/bin/../lib/gcc/arm-none-eabi/11.3.1/thumb/v7e-m+fp/hard/crtbegin.o
                0x00000000200001c4                . = ALIGN (0x4)

.bss            0x00000000200001c4      0xb54 load address 0x00000000080086a8
                0x00000000200001c4                _sbss = .
                0x00000000200001c4                __bss_start__ = _sbss
 *(.bss)
 .bss           0x00000000200001c4       0x1c C:/ST/STM32CubeIDE_1.14.1/STM32CubeIDE/plugins/com.st.stm32cube.ide.mcu.externaltools.gnu-tools-for-stm32.11.3.rel1.win32_1.1.100.202309141235/tools/bin/../lib/gcc/arm-none-eabi/11.3.1/thumb/v7e-m+fp/hard/crtbegin.o
 *(.bss*)
 .bss.convCompleted
                0x00000000200001e0        0x4 ./Core/Src/adcread.o
                0x00000000200001e0                convCompleted
 .bss.ADCRawBuff
                0x00000000200001e4       0x30 ./Core/Src/main.o
                0x00000000200001e4                ADCRawBuff
 .bss.PAD_Active
                0x0000000020000214        0x6 ./Core/Src/main.o
                0x0000000020000214                PAD_Active
 *fill*         0x000000002000021a        0x2 
 .bss.PAD_TickCouner
                0x000000002000021c       0x18 ./Core/Src/main.o
                0x000000002000021c                PAD_TickCouner
 .bss.hadc1     0x0000000020000234       0x48 ./Core/Src/main.o
                0x0000000020000234                hadc1
 .bss.hdma_adc1
                0x000000002000027c       0x60 ./Core/Src/main.o
                0x000000002000027c                hdma_adc1
 .bss.huart2    0x00000000200002dc       0x48 ./Core/Src/main.o
                0x00000000200002dc                huart2
 .bss.adcRaw    0x0000000020000324       0x18 ./Core/Src/main.o
                0x0000000020000324                adcRaw
 .bss.uwTick    0x000000002000033c        0x4 ./Drivers/STM32F4xx_HAL_Driver/Src/stm32f4xx_hal.o
                0x000000002000033c                uwTick
 .bss.cfgidx.0  0x0000000020000340        0x1 ./Middlewares/ST/STM32_USB_Device_Library/Core/Src/usbd_ctlreq.o
 *fill*         0x0000000020000341        0x3 
 .bss.hUsbDeviceFS
                0x0000000020000344      0x2dc ./USB_DEVICE/App/usb_device.o
                0x0000000020000344                hUsbDeviceFS
 .bss.USBD_StrDesc
                0x0000000020000620      0x200 ./USB_DEVICE/App/usbd_desc.o
                0x0000000020000620                USBD_StrDesc
 .bss.hpcd_USB_OTG_FS
                0x0000000020000820      0x4e4 ./USB_DEVICE/Target/usbd_conf.o
                0x0000000020000820                hpcd_USB_OTG_FS
 .bss.mem.0     0x0000000020000d04       0x14 ./USB_DEVICE/Target/usbd_conf.o
 *(COMMON)
                0x0000000020000d18                . = ALIGN (0x4)
                0x0000000020000d18                _ebss = .
                0x0000000020000d18                __bss_end__ = _ebss

._user_heap_stack
                0x0000000020000d18      0x600 load address 0x00000000080086a8
                0x0000000020000d18                . = ALIGN (0x8)
                [!provide]                        PROVIDE (end = .)
                0x0000000020000d18                PROVIDE (_end = .)
                0x0000000020000f18                . = (. + _Min_Heap_Size)
 *fill*         0x0000000020000d18      0x200 
                0x0000000020001318                . = (. + _Min_Stack_Size)
 *fill*         0x0000000020000f18      0x400 
                0x0000000020001318                . = ALIGN (0x8)

/DISCARD/
 libc.a(*)
 libm.a(*)
 libgcc.a(*)

.ARM.attributes
                0x0000000000000000       0x30
 *(.ARM.attributes)
 .ARM.attributes
                0x0000000000000000       0x1e C:/ST/STM32CubeIDE_1.14.1/STM32CubeIDE/plugins/com.st.stm32cube.ide.mcu.externaltools.gnu-tools-for-stm32.11.3.rel1.win32_1.1.100.202309141235/tools/bin/../lib/gcc/arm-none-eabi/11.3.1/thumb/v7e-m+fp/hard/crti.o
 .ARM.attributes
                0x000000000000001e       0x34 C:/ST/STM32CubeIDE_1.14.1/STM32CubeIDE/plugins/com.st.stm32cube.ide.mcu.externaltools.gnu-tools-for-stm32.11.3.rel1.win32_1.1.100.202309141235/tools/bin/../lib/gcc/arm-none-eabi/11.3.1/thumb/v7e-m+fp/hard/crtbegin.o
 .ARM.attributes
                0x0000000000000052       0x34 ./Core/Src/adcread.o
 .ARM.attributes
                0x0000000000000086       0x34 ./Core/Src/main.o
 .ARM.attributes
                0x00000000000000ba       0x34 ./Core/Src/midi.o
 .ARM.attributes
                0x00000000000000ee       0x34 ./Core/Src/stm32f4xx_hal_msp.o
 .ARM.attributes
                0x0000000000000122       0x34 ./Core/Src/stm32f4xx_it.o
 .ARM.attributes
                0x0000000000000156       0x34 ./Core/Src/system_stm32f4xx.o
 .ARM.attributes
                0x000000000000018a       0x21 ./Core/Startup/startup_stm32f401retx.o
 .ARM.attributes
                0x00000000000001ab       0x34 ./Drivers/STM32F4xx_HAL_Driver/Src/stm32f4xx_hal.o
 .ARM.attributes
                0x00000000000001df       0x34 ./Drivers/STM32F4xx_HAL_Driver/Src/stm32f4xx_hal_adc.o
 .ARM.attributes
                0x0000000000000213       0x34 ./Drivers/STM32F4xx_HAL_Driver/Src/stm32f4xx_hal_adc_ex.o
 .ARM.attributes
                0x0000000000000247       0x34 ./Drivers/STM32F4xx_HAL_Driver/Src/stm32f4xx_hal_cortex.o
 .ARM.attributes
                0x000000000000027b       0x34 ./Drivers/STM32F4xx_HAL_Driver/Src/stm32f4xx_hal_dma.o
 .ARM.attributes
                0x00000000000002af       0x34 ./Drivers/STM32F4xx_HAL_Driver/Src/stm32f4xx_hal_gpio.o
 .ARM.attributes
                0x00000000000002e3       0x34 ./Drivers/STM32F4xx_HAL_Driver/Src/stm32f4xx_hal_pcd.o
 .ARM.attributes
                0x0000000000000317       0x34 ./Drivers/STM32F4xx_HAL_Driver/Src/stm32f4xx_hal_pcd_ex.o
 .ARM.attributes
                0x000000000000034b       0x34 ./Drivers/STM32F4xx_HAL_Driver/Src/stm32f4xx_hal_rcc.o
 .ARM.attributes
                0x000000000000037f       0x34 ./Drivers/STM32F4xx_HAL_Driver/Src/stm32f4xx_hal_uart.o
 .ARM.attributes
                0x00000000000003b3       0x34 ./Drivers/STM32F4xx_HAL_Driver/Src/stm32f4xx_ll_usb.o
 .ARM.attributes
                0x00000000000003e7       0x34 ./Middlewares/ST/STM32_USB_Device_Library/Class/HID/Src/usbd_hid.o
 .ARM.attributes
                0x000000000000041b       0x34 ./Middlewares/ST/STM32_USB_Device_Library/Core/Src/usbd_core.o
 .ARM.attributes
                0x000000000000044f       0x34 ./Middlewares/ST/STM32_USB_Device_Library/Core/Src/usbd_ctlreq.o
 .ARM.attributes
                0x0000000000000483       0x34 ./Middlewares/ST/STM32_USB_Device_Library/Core/Src/usbd_ioreq.o
 .ARM.attributes
                0x00000000000004b7       0x34 ./Transmit_ABS/transmit_abs.o
 .ARM.attributes
                0x00000000000004eb       0x34 ./USB_DEVICE/App/usb_device.o
 .ARM.attributes
                0x000000000000051f       0x34 ./USB_DEVICE/App/usbd_desc.o
 .ARM.attributes
                0x0000000000000553       0x34 ./USB_DEVICE/Target/usbd_conf.o
 .ARM.attributes
                0x0000000000000587       0x34 C:/ST/STM32CubeIDE_1.14.1/STM32CubeIDE/plugins/com.st.stm32cube.ide.mcu.externaltools.gnu-tools-for-stm32.11.3.rel1.win32_1.1.100.202309141235/tools/bin/../lib/gcc/arm-none-eabi/11.3.1/../../../../arm-none-eabi/lib/thumb/v7e-m+fp/hard\libc_nano.a(libc_a-memset.o)
 .ARM.attributes
                0x00000000000005bb       0x34 C:/ST/STM32CubeIDE_1.14.1/STM32CubeIDE/plugins/com.st.stm32cube.ide.mcu.externaltools.gnu-tools-for-stm32.11.3.rel1.win32_1.1.100.202309141235/tools/bin/../lib/gcc/arm-none-eabi/11.3.1/../../../../arm-none-eabi/lib/thumb/v7e-m+fp/hard\libc_nano.a(libc_a-init.o)
 .ARM.attributes
                0x00000000000005ef       0x34 C:/ST/STM32CubeIDE_1.14.1/STM32CubeIDE/plugins/com.st.stm32cube.ide.mcu.externaltools.gnu-tools-for-stm32.11.3.rel1.win32_1.1.100.202309141235/tools/bin/../lib/gcc/arm-none-eabi/11.3.1/../../../../arm-none-eabi/lib/thumb/v7e-m+fp/hard\libc_nano.a(libc_a-memcpy-stub.o)
 .ARM.attributes
                0x0000000000000623       0x1e C:/ST/STM32CubeIDE_1.14.1/STM32CubeIDE/plugins/com.st.stm32cube.ide.mcu.externaltools.gnu-tools-for-stm32.11.3.rel1.win32_1.1.100.202309141235/tools/bin/../lib/gcc/arm-none-eabi/11.3.1/thumb/v7e-m+fp/hard\libgcc.a(_aeabi_uldivmod.o)
 .ARM.attributes
                0x0000000000000641       0x34 C:/ST/STM32CubeIDE_1.14.1/STM32CubeIDE/plugins/com.st.stm32cube.ide.mcu.externaltools.gnu-tools-for-stm32.11.3.rel1.win32_1.1.100.202309141235/tools/bin/../lib/gcc/arm-none-eabi/11.3.1/thumb/v7e-m+fp/hard\libgcc.a(_udivmoddi4.o)
 .ARM.attributes
                0x0000000000000675       0x1e C:/ST/STM32CubeIDE_1.14.1/STM32CubeIDE/plugins/com.st.stm32cube.ide.mcu.externaltools.gnu-tools-for-stm32.11.3.rel1.win32_1.1.100.202309141235/tools/bin/../lib/gcc/arm-none-eabi/11.3.1/thumb/v7e-m+fp/hard\libgcc.a(_dvmd_tls.o)
 .ARM.attributes
                0x0000000000000693       0x1e C:/ST/STM32CubeIDE_1.14.1/STM32CubeIDE/plugins/com.st.stm32cube.ide.mcu.externaltools.gnu-tools-for-stm32.11.3.rel1.win32_1.1.100.202309141235/tools/bin/../lib/gcc/arm-none-eabi/11.3.1/thumb/v7e-m+fp/hard/crtn.o
OUTPUT(MIDI_OCTOPAD.elf elf32-littlearm)
LOAD linker stubs
LOAD C:/ST/STM32CubeIDE_1.14.1/STM32CubeIDE/plugins/com.st.stm32cube.ide.mcu.externaltools.gnu-tools-for-stm32.11.3.rel1.win32_1.1.100.202309141235/tools/bin/../lib/gcc/arm-none-eabi/11.3.1/../../../../arm-none-eabi/lib/thumb/v7e-m+fp/hard\libc.a
LOAD C:/ST/STM32CubeIDE_1.14.1/STM32CubeIDE/plugins/com.st.stm32cube.ide.mcu.externaltools.gnu-tools-for-stm32.11.3.rel1.win32_1.1.100.202309141235/tools/bin/../lib/gcc/arm-none-eabi/11.3.1/../../../../arm-none-eabi/lib/thumb/v7e-m+fp/hard\libm.a
LOAD C:/ST/STM32CubeIDE_1.14.1/STM32CubeIDE/plugins/com.st.stm32cube.ide.mcu.externaltools.gnu-tools-for-stm32.11.3.rel1.win32_1.1.100.202309141235/tools/bin/../lib/gcc/arm-none-eabi/11.3.1/thumb/v7e-m+fp/hard\libgcc.a

.comment        0x0000000000000000       0x43
 .comment       0x0000000000000000       0x43 C:/ST/STM32CubeIDE_1.14.1/STM32CubeIDE/plugins/com.st.stm32cube.ide.mcu.externaltools.gnu-tools-for-stm32.11.3.rel1.win32_1.1.100.202309141235/tools/bin/../lib/gcc/arm-none-eabi/11.3.1/thumb/v7e-m+fp/hard/crtbegin.o
                                         0x44 (size before relaxing)
 .comment       0x0000000000000043       0x44 ./Core/Src/adcread.o
 .comment       0x0000000000000043       0x44 ./Core/Src/main.o
 .comment       0x0000000000000043       0x44 ./Core/Src/midi.o
 .comment       0x0000000000000043       0x44 ./Core/Src/stm32f4xx_hal_msp.o
 .comment       0x0000000000000043       0x44 ./Core/Src/stm32f4xx_it.o
 .comment       0x0000000000000043       0x44 ./Core/Src/system_stm32f4xx.o
 .comment       0x0000000000000043       0x44 ./Drivers/STM32F4xx_HAL_Driver/Src/stm32f4xx_hal.o
 .comment       0x0000000000000043       0x44 ./Drivers/STM32F4xx_HAL_Driver/Src/stm32f4xx_hal_adc.o
 .comment       0x0000000000000043       0x44 ./Drivers/STM32F4xx_HAL_Driver/Src/stm32f4xx_hal_adc_ex.o
 .comment       0x0000000000000043       0x44 ./Drivers/STM32F4xx_HAL_Driver/Src/stm32f4xx_hal_cortex.o
 .comment       0x0000000000000043       0x44 ./Drivers/STM32F4xx_HAL_Driver/Src/stm32f4xx_hal_dma.o
 .comment       0x0000000000000043       0x44 ./Drivers/STM32F4xx_HAL_Driver/Src/stm32f4xx_hal_gpio.o
 .comment       0x0000000000000043       0x44 ./Drivers/STM32F4xx_HAL_Driver/Src/stm32f4xx_hal_pcd.o
 .comment       0x0000000000000043       0x44 ./Drivers/STM32F4xx_HAL_Driver/Src/stm32f4xx_hal_pcd_ex.o
 .comment       0x0000000000000043       0x44 ./Drivers/STM32F4xx_HAL_Driver/Src/stm32f4xx_hal_rcc.o
 .comment       0x0000000000000043       0x44 ./Drivers/STM32F4xx_HAL_Driver/Src/stm32f4xx_hal_uart.o
 .comment       0x0000000000000043       0x44 ./Drivers/STM32F4xx_HAL_Driver/Src/stm32f4xx_ll_usb.o
 .comment       0x0000000000000043       0x44 ./Middlewares/ST/STM32_USB_Device_Library/Class/HID/Src/usbd_hid.o
 .comment       0x0000000000000043       0x44 ./Middlewares/ST/STM32_USB_Device_Library/Core/Src/usbd_core.o
 .comment       0x0000000000000043       0x44 ./Middlewares/ST/STM32_USB_Device_Library/Core/Src/usbd_ctlreq.o
 .comment       0x0000000000000043       0x44 ./Middlewares/ST/STM32_USB_Device_Library/Core/Src/usbd_ioreq.o
 .comment       0x0000000000000043       0x44 ./Transmit_ABS/transmit_abs.o
 .comment       0x0000000000000043       0x44 ./USB_DEVICE/App/usb_device.o
 .comment       0x0000000000000043       0x44 ./USB_DEVICE/App/usbd_desc.o
 .comment       0x0000000000000043       0x44 ./USB_DEVICE/Target/usbd_conf.o

.debug_info     0x0000000000000000    0x13c04
 .debug_info    0x0000000000000000      0x66d ./Core/Src/adcread.o
 .debug_info    0x000000000000066d     0x1210 ./Core/Src/main.o
 .debug_info    0x000000000000187d      0x1a2 ./Core/Src/midi.o
 .debug_info    0x0000000000001a1f      0xe89 ./Core/Src/stm32f4xx_hal_msp.o
 .debug_info    0x00000000000028a8      0xb2d ./Core/Src/stm32f4xx_it.o
 .debug_info    0x00000000000033d5      0x53e ./Core/Src/system_stm32f4xx.o
 .debug_info    0x0000000000003913       0x23 ./Core/Startup/startup_stm32f401retx.o
 .debug_info    0x0000000000003936      0x8bb ./Drivers/STM32F4xx_HAL_Driver/Src/stm32f4xx_hal.o
 .debug_info    0x00000000000041f1      0xcd1 ./Drivers/STM32F4xx_HAL_Driver/Src/stm32f4xx_hal_adc.o
 .debug_info    0x0000000000004ec2      0xb56 ./Drivers/STM32F4xx_HAL_Driver/Src/stm32f4xx_hal_adc_ex.o
 .debug_info    0x0000000000005a18      0xcc1 ./Drivers/STM32F4xx_HAL_Driver/Src/stm32f4xx_hal_cortex.o
 .debug_info    0x00000000000066d9      0x8e6 ./Drivers/STM32F4xx_HAL_Driver/Src/stm32f4xx_hal_dma.o
 .debug_info    0x0000000000006fbf      0x6f9 ./Drivers/STM32F4xx_HAL_Driver/Src/stm32f4xx_hal_gpio.o
 .debug_info    0x00000000000076b8     0x1577 ./Drivers/STM32F4xx_HAL_Driver/Src/stm32f4xx_hal_pcd.o
 .debug_info    0x0000000000008c2f      0x6ea ./Drivers/STM32F4xx_HAL_Driver/Src/stm32f4xx_hal_pcd_ex.o
 .debug_info    0x0000000000009319      0x8f3 ./Drivers/STM32F4xx_HAL_Driver/Src/stm32f4xx_hal_rcc.o
 .debug_info    0x0000000000009c0c     0x2f56 ./Drivers/STM32F4xx_HAL_Driver/Src/stm32f4xx_hal_uart.o
 .debug_info    0x000000000000cb62     0x1993 ./Drivers/STM32F4xx_HAL_Driver/Src/stm32f4xx_ll_usb.o
 .debug_info    0x000000000000e4f5      0xa8a ./Middlewares/ST/STM32_USB_Device_Library/Class/HID/Src/usbd_hid.o
 .debug_info    0x000000000000ef7f      0xe05 ./Middlewares/ST/STM32_USB_Device_Library/Core/Src/usbd_core.o
 .debug_info    0x000000000000fd84      0xade ./Middlewares/ST/STM32_USB_Device_Library/Core/Src/usbd_ctlreq.o
 .debug_info    0x0000000000010862      0x755 ./Middlewares/ST/STM32_USB_Device_Library/Core/Src/usbd_ioreq.o
 .debug_info    0x0000000000010fb7      0x617 ./Transmit_ABS/transmit_abs.o
 .debug_info    0x00000000000115ce      0x5ef ./USB_DEVICE/App/usb_device.o
 .debug_info    0x0000000000011bbd      0x458 ./USB_DEVICE/App/usbd_desc.o
 .debug_info    0x0000000000012015     0x1bef ./USB_DEVICE/Target/usbd_conf.o

.debug_abbrev   0x0000000000000000     0x36b2
 .debug_abbrev  0x0000000000000000      0x178 ./Core/Src/adcread.o
 .debug_abbrev  0x0000000000000178      0x327 ./Core/Src/main.o
 .debug_abbrev  0x000000000000049f       0xe9 ./Core/Src/midi.o
 .debug_abbrev  0x0000000000000588      0x20a ./Core/Src/stm32f4xx_hal_msp.o
 .debug_abbrev  0x0000000000000792      0x1be ./Core/Src/stm32f4xx_it.o
 .debug_abbrev  0x0000000000000950      0x11a ./Core/Src/system_stm32f4xx.o
 .debug_abbrev  0x0000000000000a6a       0x12 ./Core/Startup/startup_stm32f401retx.o
 .debug_abbrev  0x0000000000000a7c      0x24b ./Drivers/STM32F4xx_HAL_Driver/Src/stm32f4xx_hal.o
 .debug_abbrev  0x0000000000000cc7      0x20e ./Drivers/STM32F4xx_HAL_Driver/Src/stm32f4xx_hal_adc.o
 .debug_abbrev  0x0000000000000ed5      0x22c ./Drivers/STM32F4xx_HAL_Driver/Src/stm32f4xx_hal_adc_ex.o
 .debug_abbrev  0x0000000000001101      0x328 ./Drivers/STM32F4xx_HAL_Driver/Src/stm32f4xx_hal_cortex.o
 .debug_abbrev  0x0000000000001429      0x221 ./Drivers/STM32F4xx_HAL_Driver/Src/stm32f4xx_hal_dma.o
 .debug_abbrev  0x000000000000164a      0x1d3 ./Drivers/STM32F4xx_HAL_Driver/Src/stm32f4xx_hal_gpio.o
 .debug_abbrev  0x000000000000181d      0x2b6 ./Drivers/STM32F4xx_HAL_Driver/Src/stm32f4xx_hal_pcd.o
 .debug_abbrev  0x0000000000001ad3      0x1da ./Drivers/STM32F4xx_HAL_Driver/Src/stm32f4xx_hal_pcd_ex.o
 .debug_abbrev  0x0000000000001cad      0x2b5 ./Drivers/STM32F4xx_HAL_Driver/Src/stm32f4xx_hal_rcc.o
 .debug_abbrev  0x0000000000001f62      0x31b ./Drivers/STM32F4xx_HAL_Driver/Src/stm32f4xx_hal_uart.o
 .debug_abbrev  0x000000000000227d      0x2b3 ./Drivers/STM32F4xx_HAL_Driver/Src/stm32f4xx_ll_usb.o
 .debug_abbrev  0x0000000000002530      0x2b6 ./Middlewares/ST/STM32_USB_Device_Library/Class/HID/Src/usbd_hid.o
 .debug_abbrev  0x00000000000027e6      0x27c ./Middlewares/ST/STM32_USB_Device_Library/Core/Src/usbd_core.o
 .debug_abbrev  0x0000000000002a62      0x26f ./Middlewares/ST/STM32_USB_Device_Library/Core/Src/usbd_ctlreq.o
 .debug_abbrev  0x0000000000002cd1      0x19a ./Middlewares/ST/STM32_USB_Device_Library/Core/Src/usbd_ioreq.o
 .debug_abbrev  0x0000000000002e6b      0x197 ./Transmit_ABS/transmit_abs.o
 .debug_abbrev  0x0000000000003002      0x190 ./USB_DEVICE/App/usb_device.o
 .debug_abbrev  0x0000000000003192      0x1e1 ./USB_DEVICE/App/usbd_desc.o
 .debug_abbrev  0x0000000000003373      0x33f ./USB_DEVICE/Target/usbd_conf.o

.debug_aranges  0x0000000000000000      0xfa0
 .debug_aranges
                0x0000000000000000       0x30 ./Core/Src/adcread.o
 .debug_aranges
                0x0000000000000030       0x50 ./Core/Src/main.o
 .debug_aranges
                0x0000000000000080       0x28 ./Core/Src/midi.o
 .debug_aranges
                0x00000000000000a8       0x40 ./Core/Src/stm32f4xx_hal_msp.o
 .debug_aranges
                0x00000000000000e8       0x78 ./Core/Src/stm32f4xx_it.o
 .debug_aranges
                0x0000000000000160       0x28 ./Core/Src/system_stm32f4xx.o
 .debug_aranges
                0x0000000000000188       0x28 ./Core/Startup/startup_stm32f401retx.o
 .debug_aranges
                0x00000000000001b0       0xf0 ./Drivers/STM32F4xx_HAL_Driver/Src/stm32f4xx_hal.o
 .debug_aranges
                0x00000000000002a0       0xe8 ./Drivers/STM32F4xx_HAL_Driver/Src/stm32f4xx_hal_adc.o
 .debug_aranges
                0x0000000000000388       0x90 ./Drivers/STM32F4xx_HAL_Driver/Src/stm32f4xx_hal_adc_ex.o
 .debug_aranges
                0x0000000000000418      0x120 ./Drivers/STM32F4xx_HAL_Driver/Src/stm32f4xx_hal_cortex.o
 .debug_aranges
                0x0000000000000538       0x90 ./Drivers/STM32F4xx_HAL_Driver/Src/stm32f4xx_hal_dma.o
 .debug_aranges
                0x00000000000005c8       0x58 ./Drivers/STM32F4xx_HAL_Driver/Src/stm32f4xx_hal_gpio.o
 .debug_aranges
                0x0000000000000620      0x148 ./Drivers/STM32F4xx_HAL_Driver/Src/stm32f4xx_hal_pcd.o
 .debug_aranges
                0x0000000000000768       0x38 ./Drivers/STM32F4xx_HAL_Driver/Src/stm32f4xx_hal_pcd_ex.o
 .debug_aranges
                0x00000000000007a0       0x88 ./Drivers/STM32F4xx_HAL_Driver/Src/stm32f4xx_hal_rcc.o
 .debug_aranges
                0x0000000000000828      0x208 ./Drivers/STM32F4xx_HAL_Driver/Src/stm32f4xx_hal_uart.o
 .debug_aranges
                0x0000000000000a30      0x1a0 ./Drivers/STM32F4xx_HAL_Driver/Src/stm32f4xx_ll_usb.o
 .debug_aranges
                0x0000000000000bd0       0x68 ./Middlewares/ST/STM32_USB_Device_Library/Class/HID/Src/usbd_hid.o
 .debug_aranges
                0x0000000000000c38       0xd8 ./Middlewares/ST/STM32_USB_Device_Library/Core/Src/usbd_core.o
 .debug_aranges
                0x0000000000000d10       0x90 ./Middlewares/ST/STM32_USB_Device_Library/Core/Src/usbd_ctlreq.o
 .debug_aranges
                0x0000000000000da0       0x50 ./Middlewares/ST/STM32_USB_Device_Library/Core/Src/usbd_ioreq.o
 .debug_aranges
                0x0000000000000df0       0x20 ./Transmit_ABS/transmit_abs.o
 .debug_aranges
                0x0000000000000e10       0x20 ./USB_DEVICE/App/usb_device.o
 .debug_aranges
                0x0000000000000e30       0x60 ./USB_DEVICE/App/usbd_desc.o
 .debug_aranges
                0x0000000000000e90      0x110 ./USB_DEVICE/Target/usbd_conf.o

.debug_rnglists
                0x0000000000000000      0xbcc
 .debug_rnglists
                0x0000000000000000       0x1f ./Core/Src/adcread.o
 .debug_rnglists
                0x000000000000001f       0x3a ./Core/Src/main.o
 .debug_rnglists
                0x0000000000000059       0x19 ./Core/Src/midi.o
 .debug_rnglists
                0x0000000000000072       0x2d ./Core/Src/stm32f4xx_hal_msp.o
 .debug_rnglists
                0x000000000000009f       0x55 ./Core/Src/stm32f4xx_it.o
 .debug_rnglists
                0x00000000000000f4       0x1a ./Core/Src/system_stm32f4xx.o
 .debug_rnglists
                0x000000000000010e       0x19 ./Core/Startup/startup_stm32f401retx.o
 .debug_rnglists
                0x0000000000000127       0xaf ./Drivers/STM32F4xx_HAL_Driver/Src/stm32f4xx_hal.o
 .debug_rnglists
                0x00000000000001d6       0xb5 ./Drivers/STM32F4xx_HAL_Driver/Src/stm32f4xx_hal_adc.o
 .debug_rnglists
                0x000000000000028b       0x71 ./Drivers/STM32F4xx_HAL_Driver/Src/stm32f4xx_hal_adc_ex.o
 .debug_rnglists
                0x00000000000002fc       0xd4 ./Drivers/STM32F4xx_HAL_Driver/Src/stm32f4xx_hal_cortex.o
 .debug_rnglists
                0x00000000000003d0       0x70 ./Drivers/STM32F4xx_HAL_Driver/Src/stm32f4xx_hal_dma.o
 .debug_rnglists
                0x0000000000000440       0x3f ./Drivers/STM32F4xx_HAL_Driver/Src/stm32f4xx_hal_gpio.o
 .debug_rnglists
                0x000000000000047f       0xfa ./Drivers/STM32F4xx_HAL_Driver/Src/stm32f4xx_hal_pcd.o
 .debug_rnglists
                0x0000000000000579       0x26 ./Drivers/STM32F4xx_HAL_Driver/Src/stm32f4xx_hal_pcd_ex.o
 .debug_rnglists
                0x000000000000059f       0x66 ./Drivers/STM32F4xx_HAL_Driver/Src/stm32f4xx_hal_rcc.o
 .debug_rnglists
                0x0000000000000605      0x1bc ./Drivers/STM32F4xx_HAL_Driver/Src/stm32f4xx_hal_uart.o
 .debug_rnglists
                0x00000000000007c1      0x147 ./Drivers/STM32F4xx_HAL_Driver/Src/stm32f4xx_ll_usb.o
 .debug_rnglists
                0x0000000000000908       0x4c ./Middlewares/ST/STM32_USB_Device_Library/Class/HID/Src/usbd_hid.o
 .debug_rnglists
                0x0000000000000954       0xa1 ./Middlewares/ST/STM32_USB_Device_Library/Core/Src/usbd_core.o
 .debug_rnglists
                0x00000000000009f5       0x6e ./Middlewares/ST/STM32_USB_Device_Library/Core/Src/usbd_ctlreq.o
 .debug_rnglists
                0x0000000000000a63       0x37 ./Middlewares/ST/STM32_USB_Device_Library/Core/Src/usbd_ioreq.o
 .debug_rnglists
                0x0000000000000a9a       0x13 ./Transmit_ABS/transmit_abs.o
 .debug_rnglists
                0x0000000000000aad       0x13 ./USB_DEVICE/App/usb_device.o
 .debug_rnglists
                0x0000000000000ac0       0x43 ./USB_DEVICE/App/usbd_desc.o
 .debug_rnglists
                0x0000000000000b03       0xc9 ./USB_DEVICE/Target/usbd_conf.o

.debug_macro    0x0000000000000000    0x1a0a5
 .debug_macro   0x0000000000000000      0x21e ./Core/Src/adcread.o
 .debug_macro   0x000000000000021e      0xaa8 ./Core/Src/adcread.o
 .debug_macro   0x0000000000000cc6      0x2a1 ./Core/Src/adcread.o
 .debug_macro   0x0000000000000f67       0x2e ./Core/Src/adcread.o
 .debug_macro   0x0000000000000f95       0x28 ./Core/Src/adcread.o
 .debug_macro   0x0000000000000fbd       0x22 ./Core/Src/adcread.o
 .debug_macro   0x0000000000000fdf       0x8e ./Core/Src/adcread.o
 .debug_macro   0x000000000000106d       0x51 ./Core/Src/adcread.o
 .debug_macro   0x00000000000010be      0x103 ./Core/Src/adcread.o
 .debug_macro   0x00000000000011c1       0x6a ./Core/Src/adcread.o
 .debug_macro   0x000000000000122b      0x1df ./Core/Src/adcread.o
 .debug_macro   0x000000000000140a       0x1c ./Core/Src/adcread.o
 .debug_macro   0x0000000000001426       0x22 ./Core/Src/adcread.o
 .debug_macro   0x0000000000001448       0xfb ./Core/Src/adcread.o
 .debug_macro   0x0000000000001543     0x1011 ./Core/Src/adcread.o
 .debug_macro   0x0000000000002554      0x11f ./Core/Src/adcread.o
 .debug_macro   0x0000000000002673     0xb86c ./Core/Src/adcread.o
 .debug_macro   0x000000000000dedf       0x6d ./Core/Src/adcread.o
 .debug_macro   0x000000000000df4c     0x368c ./Core/Src/adcread.o
 .debug_macro   0x00000000000115d8      0x174 ./Core/Src/adcread.o
 .debug_macro   0x000000000001174c       0x5c ./Core/Src/adcread.o
 .debug_macro   0x00000000000117a8      0x416 ./Core/Src/adcread.o
 .debug_macro   0x0000000000011bbe      0x9e9 ./Core/Src/adcread.o
 .debug_macro   0x00000000000125a7      0x115 ./Core/Src/adcread.o
 .debug_macro   0x00000000000126bc       0xf8 ./Core/Src/adcread.o
 .debug_macro   0x00000000000127b4       0xa5 ./Core/Src/adcread.o
 .debug_macro   0x0000000000012859      0x15f ./Core/Src/adcread.o
 .debug_macro   0x00000000000129b8      0x287 ./Core/Src/adcread.o
 .debug_macro   0x0000000000012c3f       0x5f ./Core/Src/adcread.o
 .debug_macro   0x0000000000012c9e      0x236 ./Core/Src/adcread.o
 .debug_macro   0x0000000000012ed4      0x9e1 ./Core/Src/adcread.o
 .debug_macro   0x00000000000138b5      0x38b ./Core/Src/adcread.o
 .debug_macro   0x0000000000013c40      0x176 ./Core/Src/adcread.o
 .debug_macro   0x0000000000013db6       0xf9 ./Core/Src/adcread.o
 .debug_macro   0x0000000000013eaf      0x132 ./Core/Src/adcread.o
 .debug_macro   0x0000000000013fe1      0x264 ./Core/Src/adcread.o
 .debug_macro   0x0000000000014245       0x2e ./Core/Src/adcread.o
 .debug_macro   0x0000000000014273      0x127 ./Core/Src/adcread.o
 .debug_macro   0x000000000001439a       0x85 ./Core/Src/adcread.o
 .debug_macro   0x000000000001441f       0x89 ./Core/Src/adcread.o
 .debug_macro   0x00000000000144a8      0x2aa ./Core/Src/adcread.o
 .debug_macro   0x0000000000014752      0x293 ./Core/Src/adcread.o
 .debug_macro   0x00000000000149e5       0xba ./Core/Src/adcread.o
 .debug_macro   0x0000000000014a9f      0x126 ./Core/Src/adcread.o
 .debug_macro   0x0000000000014bc5       0x7c ./Core/Src/adcread.o
 .debug_macro   0x0000000000014c41       0x10 ./Core/Src/adcread.o
 .debug_macro   0x0000000000014c51      0x3dc ./Core/Src/main.o
 .debug_macro   0x000000000001502d       0x61 ./Core/Src/main.o
 .debug_macro   0x000000000001508e       0x2a ./Core/Src/main.o
 .debug_macro   0x00000000000150b8       0x43 ./Core/Src/main.o
 .debug_macro   0x00000000000150fb       0x34 ./Core/Src/main.o
 .debug_macro   0x000000000001512f       0x16 ./Core/Src/main.o
 .debug_macro   0x0000000000015145       0x35 ./Core/Src/main.o
 .debug_macro   0x000000000001517a      0x369 ./Core/Src/main.o
 .debug_macro   0x00000000000154e3       0x10 ./Core/Src/main.o
 .debug_macro   0x00000000000154f3       0x16 ./Core/Src/main.o
 .debug_macro   0x0000000000015509       0x43 ./Core/Src/main.o
 .debug_macro   0x000000000001554c       0x34 ./Core/Src/main.o
 .debug_macro   0x0000000000015580       0x10 ./Core/Src/main.o
 .debug_macro   0x0000000000015590       0x58 ./Core/Src/main.o
 .debug_macro   0x00000000000155e8       0x8e ./Core/Src/main.o
 .debug_macro   0x0000000000015676       0x1c ./Core/Src/main.o
 .debug_macro   0x0000000000015692      0x177 ./Core/Src/main.o
 .debug_macro   0x0000000000015809       0x16 ./Core/Src/main.o
 .debug_macro   0x000000000001581f       0x16 ./Core/Src/main.o
 .debug_macro   0x0000000000015835      0x147 ./Core/Src/main.o
 .debug_macro   0x000000000001597c       0x16 ./Core/Src/main.o
 .debug_macro   0x0000000000015992       0x16 ./Core/Src/main.o
 .debug_macro   0x00000000000159a8       0x29 ./Core/Src/main.o
 .debug_macro   0x00000000000159d1       0x16 ./Core/Src/main.o
 .debug_macro   0x00000000000159e7       0x20 ./Core/Src/main.o
 .debug_macro   0x0000000000015a07       0x6b ./Core/Src/main.o
 .debug_macro   0x0000000000015a72      0x20f ./Core/Src/main.o
 .debug_macro   0x0000000000015c81       0x46 ./Core/Src/main.o
 .debug_macro   0x0000000000015cc7       0x5f ./Core/Src/main.o
 .debug_macro   0x0000000000015d26      0x2ef ./Core/Src/midi.o
 .debug_macro   0x0000000000016015       0x5b ./Core/Src/midi.o
 .debug_macro   0x0000000000016070       0x94 ./Core/Src/midi.o
 .debug_macro   0x0000000000016104       0x57 ./Core/Src/midi.o
 .debug_macro   0x000000000001615b       0x10 ./Core/Src/midi.o
 .debug_macro   0x000000000001616b       0x56 ./Core/Src/midi.o
 .debug_macro   0x00000000000161c1       0x16 ./Core/Src/midi.o
 .debug_macro   0x00000000000161d7      0x215 ./Core/Src/stm32f4xx_hal_msp.o
 .debug_macro   0x00000000000163ec      0x21f ./Core/Src/stm32f4xx_it.o
 .debug_macro   0x000000000001660b      0x206 ./Core/Src/system_stm32f4xx.o
 .debug_macro   0x0000000000016811      0x266 ./Drivers/STM32F4xx_HAL_Driver/Src/stm32f4xx_hal.o
 .debug_macro   0x0000000000016a77      0x207 ./Drivers/STM32F4xx_HAL_Driver/Src/stm32f4xx_hal_adc.o
 .debug_macro   0x0000000000016c7e      0x206 ./Drivers/STM32F4xx_HAL_Driver/Src/stm32f4xx_hal_adc_ex.o
 .debug_macro   0x0000000000016e84      0x206 ./Drivers/STM32F4xx_HAL_Driver/Src/stm32f4xx_hal_cortex.o
 .debug_macro   0x000000000001708a      0x20c ./Drivers/STM32F4xx_HAL_Driver/Src/stm32f4xx_hal_dma.o
 .debug_macro   0x0000000000017296      0x20c ./Drivers/STM32F4xx_HAL_Driver/Src/stm32f4xx_hal_gpio.o
 .debug_macro   0x00000000000174a2      0x212 ./Drivers/STM32F4xx_HAL_Driver/Src/stm32f4xx_hal_pcd.o
 .debug_macro   0x00000000000176b4      0x206 ./Drivers/STM32F4xx_HAL_Driver/Src/stm32f4xx_hal_pcd_ex.o
 .debug_macro   0x00000000000178ba      0x22a ./Drivers/STM32F4xx_HAL_Driver/Src/stm32f4xx_hal_rcc.o
 .debug_macro   0x0000000000017ae4      0x207 ./Drivers/STM32F4xx_HAL_Driver/Src/stm32f4xx_hal_uart.o
 .debug_macro   0x0000000000017ceb      0x206 ./Drivers/STM32F4xx_HAL_Driver/Src/stm32f4xx_ll_usb.o
 .debug_macro   0x0000000000017ef1      0x3a4 ./Middlewares/ST/STM32_USB_Device_Library/Class/HID/Src/usbd_hid.o
 .debug_macro   0x0000000000018295       0x97 ./Middlewares/ST/STM32_USB_Device_Library/Class/HID/Src/usbd_hid.o
 .debug_macro   0x000000000001832c       0xfd ./Middlewares/ST/STM32_USB_Device_Library/Class/HID/Src/usbd_hid.o
 .debug_macro   0x0000000000018429      0x38b ./Middlewares/ST/STM32_USB_Device_Library/Core/Src/usbd_core.o
 .debug_macro   0x00000000000187b4      0x215 ./Middlewares/ST/STM32_USB_Device_Library/Core/Src/usbd_core.o
 .debug_macro   0x00000000000189c9      0x395 ./Middlewares/ST/STM32_USB_Device_Library/Core/Src/usbd_ctlreq.o
 .debug_macro   0x0000000000018d5e      0x391 ./Middlewares/ST/STM32_USB_Device_Library/Core/Src/usbd_ioreq.o
 .debug_macro   0x00000000000190ef      0x3b5 ./Transmit_ABS/transmit_abs.o
 .debug_macro   0x00000000000194a4       0x10 ./Transmit_ABS/transmit_abs.o
 .debug_macro   0x00000000000194b4      0x3bb ./USB_DEVICE/App/usb_device.o
 .debug_macro   0x000000000001986f       0x82 ./USB_DEVICE/App/usb_device.o
 .debug_macro   0x00000000000198f1       0x22 ./USB_DEVICE/App/usb_device.o
 .debug_macro   0x0000000000019913      0x3ce ./USB_DEVICE/App/usbd_desc.o
 .debug_macro   0x0000000000019ce1       0x1c ./USB_DEVICE/App/usbd_desc.o
 .debug_macro   0x0000000000019cfd      0x3a8 ./USB_DEVICE/Target/usbd_conf.o

.debug_line     0x0000000000000000    0x1664c
 .debug_line    0x0000000000000000      0x7e1 ./Core/Src/adcread.o
 .debug_line    0x00000000000007e1      0xd3d ./Core/Src/main.o
 .debug_line    0x000000000000151e      0x9a0 ./Core/Src/midi.o
 .debug_line    0x0000000000001ebe      0x886 ./Core/Src/stm32f4xx_hal_msp.o
 .debug_line    0x0000000000002744      0x8b6 ./Core/Src/stm32f4xx_it.o
 .debug_line    0x0000000000002ffa      0x82d ./Core/Src/system_stm32f4xx.o
 .debug_line    0x0000000000003827       0x7a ./Core/Startup/startup_stm32f401retx.o
 .debug_line    0x00000000000038a1      0xa93 ./Drivers/STM32F4xx_HAL_Driver/Src/stm32f4xx_hal.o
 .debug_line    0x0000000000004334     0x1247 ./Drivers/STM32F4xx_HAL_Driver/Src/stm32f4xx_hal_adc.o
 .debug_line    0x000000000000557b      0xf62 ./Drivers/STM32F4xx_HAL_Driver/Src/stm32f4xx_hal_adc_ex.o
 .debug_line    0x00000000000064dd      0xd5f ./Drivers/STM32F4xx_HAL_Driver/Src/stm32f4xx_hal_cortex.o
 .debug_line    0x000000000000723c      0xff7 ./Drivers/STM32F4xx_HAL_Driver/Src/stm32f4xx_hal_dma.o
 .debug_line    0x0000000000008233      0xbcb ./Drivers/STM32F4xx_HAL_Driver/Src/stm32f4xx_hal_gpio.o
 .debug_line    0x0000000000008dfe     0x1521 ./Drivers/STM32F4xx_HAL_Driver/Src/stm32f4xx_hal_pcd.o
 .debug_line    0x000000000000a31f      0x876 ./Drivers/STM32F4xx_HAL_Driver/Src/stm32f4xx_hal_pcd_ex.o
 .debug_line    0x000000000000ab95      0xe0a ./Drivers/STM32F4xx_HAL_Driver/Src/stm32f4xx_hal_rcc.o
 .debug_line    0x000000000000b99f     0x2950 ./Drivers/STM32F4xx_HAL_Driver/Src/stm32f4xx_hal_uart.o
 .debug_line    0x000000000000e2ef     0x1c03 ./Drivers/STM32F4xx_HAL_Driver/Src/stm32f4xx_ll_usb.o
 .debug_line    0x000000000000fef2      0xcdc ./Middlewares/ST/STM32_USB_Device_Library/Class/HID/Src/usbd_hid.o
 .debug_line    0x0000000000010bce      0xfae ./Middlewares/ST/STM32_USB_Device_Library/Core/Src/usbd_core.o
 .debug_line    0x0000000000011b7c     0x119b ./Middlewares/ST/STM32_USB_Device_Library/Core/Src/usbd_ctlreq.o
 .debug_line    0x0000000000012d17      0xac5 ./Middlewares/ST/STM32_USB_Device_Library/Core/Src/usbd_ioreq.o
 .debug_line    0x00000000000137dc      0xa59 ./Transmit_ABS/transmit_abs.o
 .debug_line    0x0000000000014235      0xa66 ./USB_DEVICE/App/usb_device.o
 .debug_line    0x0000000000014c9b      0xb4a ./USB_DEVICE/App/usbd_desc.o
 .debug_line    0x00000000000157e5      0xe67 ./USB_DEVICE/Target/usbd_conf.o

.debug_str      0x0000000000000000    0x94eaa
 .debug_str     0x0000000000000000    0x8c072 ./Core/Src/adcread.o
                                      0x8c37b (size before relaxing)
 .debug_str     0x000000000008c072     0x4ef2 ./Core/Src/main.o
                                      0x912d0 (size before relaxing)
 .debug_str     0x0000000000090f64       0x6d ./Core/Src/midi.o
                                      0x8f118 (size before relaxing)
 .debug_str     0x0000000000090fd1      0x128 ./Core/Src/stm32f4xx_hal_msp.o
                                      0x8caf2 (size before relaxing)
 .debug_str     0x00000000000910f9      0x49e ./Core/Src/stm32f4xx_it.o
                                      0x8c773 (size before relaxing)
 .debug_str     0x0000000000091597       0xdb ./Core/Src/system_stm32f4xx.o
                                      0x8bef6 (size before relaxing)
 .debug_str     0x0000000000091672       0x34 ./Core/Startup/startup_stm32f401retx.o
                                         0x82 (size before relaxing)
 .debug_str     0x00000000000916a6      0x60d ./Drivers/STM32F4xx_HAL_Driver/Src/stm32f4xx_hal.o
                                      0x8c918 (size before relaxing)
 .debug_str     0x0000000000091cb3      0x271 ./Drivers/STM32F4xx_HAL_Driver/Src/stm32f4xx_hal_adc.o
                                      0x8c4d1 (size before relaxing)
 .debug_str     0x0000000000091f24      0x2df ./Drivers/STM32F4xx_HAL_Driver/Src/stm32f4xx_hal_adc_ex.o
                                      0x8c525 (size before relaxing)
 .debug_str     0x0000000000092203      0x333 ./Drivers/STM32F4xx_HAL_Driver/Src/stm32f4xx_hal_cortex.o
                                      0x8c650 (size before relaxing)
 .debug_str     0x0000000000092536      0x2cf ./Drivers/STM32F4xx_HAL_Driver/Src/stm32f4xx_hal_dma.o